Archive member included to satisfy reference by file (symbol)

.pio/build/genericSTM32F411CE/libFrameworkArduino.a(USBSerial.cpp.o)
                              .pio/build/genericSTM32F411CE/src/main.cpp.o (USBSerial::write(unsigned char))
.pio/build/genericSTM32F411CE/libFrameworkArduino.a(main.cpp.o)
                              /home/bry/.platformio/packages/toolchain-gccarmnoneeabi/bin/../lib/gcc/arm-none-eabi/12.3.1/../../../../arm-none-eabi/lib/thumb/v7e-m+fp/hard/crt0.o (main)
.pio/build/genericSTM32F411CE/libFrameworkArduino.a(startup_stm32yyxx.S.o)
                              (Reset_Handler)
.pio/build/genericSTM32F411CE/libFrameworkArduino.a(cdc_queue.c.o)
                              .pio/build/genericSTM32F411CE/libFrameworkArduino.a(USBSerial.cpp.o) (CDC_TransmitQueue_WriteSize)
.pio/build/genericSTM32F411CE/libFrameworkArduino.a(usbd_cdc_if.c.o)
                              .pio/build/genericSTM32F411CE/libFrameworkArduino.a(USBSerial.cpp.o) (dtrState)
.pio/build/genericSTM32F411CE/libFrameworkArduino.a(usb_device_core.c.o)
                              .pio/build/genericSTM32F411CE/libFrameworkArduino.a(usbd_cdc_if.c.o) (USBD_Init)
.pio/build/genericSTM32F411CE/libFrameworkArduino.a(usb_device_ctlreq.c.o)
                              .pio/build/genericSTM32F411CE/libFrameworkArduino.a(usb_device_core.c.o) (USBD_StdDevReq)
.pio/build/genericSTM32F411CE/libFrameworkArduino.a(usb_device_ioreq.c.o)
                              .pio/build/genericSTM32F411CE/libFrameworkArduino.a(usb_device_ctlreq.c.o) (USBD_CtlSendData)
.pio/build/genericSTM32F411CE/libFrameworkArduino.a(usbd_conf.c.o)
                              .pio/build/genericSTM32F411CE/libFrameworkArduino.a(usb_device_core.c.o) (USBD_LL_Init)
.pio/build/genericSTM32F411CE/libFrameworkArduino.a(usbd_desc.c.o)
                              .pio/build/genericSTM32F411CE/libFrameworkArduino.a(usbd_cdc_if.c.o) (USBD_Desc)
.pio/build/genericSTM32F411CE/libFrameworkArduino.a(usbd_ep_conf.c.o)
                              .pio/build/genericSTM32F411CE/libFrameworkArduino.a(usbd_conf.c.o) (ep_def)
.pio/build/genericSTM32F411CE/libFrameworkArduino.a(usbd_if.c.o)
                              .pio/build/genericSTM32F411CE/libFrameworkArduino.a(usbd_conf.c.o) (USBD_reenumerate)
.pio/build/genericSTM32F411CE/libFrameworkArduino.a(wiring_digital.c.o)
                              .pio/build/genericSTM32F411CE/src/main.cpp.o (pinMode)
.pio/build/genericSTM32F411CE/libFrameworkArduino.a(wiring_time.c.o)
                              .pio/build/genericSTM32F411CE/libFrameworkArduino.a(USBSerial.cpp.o) (millis)
.pio/build/genericSTM32F411CE/libFrameworkArduino.a(WSerial.cpp.o)
                              .pio/build/genericSTM32F411CE/libFrameworkArduino.a(main.cpp.o) (serialEventRun())
.pio/build/genericSTM32F411CE/libFrameworkArduino.a(board.c.o)
                              .pio/build/genericSTM32F411CE/libFrameworkArduino.a(main.cpp.o) (init)
.pio/build/genericSTM32F411CE/libFrameworkArduino.a(hooks.c.o)
                              .pio/build/genericSTM32F411CE/libFrameworkArduino.a(wiring_time.c.o) (yield)
.pio/build/genericSTM32F411CE/libFrameworkArduino.a(usbd_cdc.c.o)
                              .pio/build/genericSTM32F411CE/libFrameworkArduino.a(usbd_cdc_if.c.o) (USBD_CDC_RegisterInterface)
.pio/build/genericSTM32F411CE/libFrameworkArduino.a(wiring_analog.c.o)
                              .pio/build/genericSTM32F411CE/libFrameworkArduino.a(wiring_digital.c.o) (g_anOutputPinConfigured)
.pio/build/genericSTM32F411CE/libFrameworkArduino.a(HardwareSerial.cpp.o)
                              .pio/build/genericSTM32F411CE/libFrameworkArduino.a(WSerial.cpp.o) (HardwareSerial::available())
.pio/build/genericSTM32F411CE/libFrameworkArduino.a(Stream.cpp.o)
                              .pio/build/genericSTM32F411CE/libFrameworkArduino.a(HardwareSerial.cpp.o) (Stream::readBytes(char*, unsigned int))
.pio/build/genericSTM32F411CE/libFrameworkArduino.a(WString.cpp.o)
                              .pio/build/genericSTM32F411CE/libFrameworkArduino.a(Stream.cpp.o) (String::String(char const*))
.pio/build/genericSTM32F411CE/libFrameworkArduino.a(dtostrf.c.o)
                              .pio/build/genericSTM32F411CE/libFrameworkArduino.a(WString.cpp.o) (dtostrf)
.pio/build/genericSTM32F411CE/libFrameworkArduino.a(itoa.c.o)
                              .pio/build/genericSTM32F411CE/libFrameworkArduino.a(WString.cpp.o) (ltoa)
.pio/build/genericSTM32F411CE/libFrameworkArduino.a(pins_arduino.c.o)
                              .pio/build/genericSTM32F411CE/libFrameworkArduino.a(wiring_analog.c.o) (analogInputToPinName)
.pio/build/genericSTM32F411CE/libFrameworkArduino.a(Print.cpp.o)
                              .pio/build/genericSTM32F411CE/libFrameworkArduino.a(Stream.cpp.o) (Print::write(unsigned char const*, unsigned int))
[...]
Memory Configuration

Name             Origin             Length             Attributes
*default*        0x00000000         0xffffffff
RAM              0x20000000         0x00020000         xrw
FLASH            0x08000000         0x00080000         xr

Linker script and memory map

                0x20020000                        _estack = (ORIGIN (RAM) + LENGTH (RAM))
                0x00000200                        _Min_Heap_Size = 0x200
                0x00000400                        _Min_Stack_Size = 0x400

.isr_vector     0x08000000      0x198
                0x08000000                        . = ALIGN (0x4)
 *(.isr_vector)
 .isr_vector    0x08000000      0x198 .pio/build/genericSTM32F411CE/libFrameworkArduino.a(startup_stm32yyxx.S.o)
                0x08000000                g_pfnVectors
                0x08000198                        . = ALIGN (0x4)

.text           0x08000198     0x58dc
                0x08000198                        . = ALIGN (0x4)
 *(.text)
 .text          0x08000198       0x30 /home/bry/.platformio/packages/toolchain-gccarmnoneeabi/bin/../lib/gcc/arm-none-eabi/12.3.1/thumb/v7e-m+fp/hard/libgcc.a(_aeabi_uldivmod.o)
                0x08000198                __aeabi_uldivmod
 .text          0x080001c8        0x4 /home/bry/.platformio/packages/toolchain-gccarmnoneeabi/bin/../lib/gcc/arm-none-eabi/12.3.1/thumb/v7e-m+fp/hard/libgcc.a(_dvmd_tls.o)
                0x080001c8                __aeabi_ldiv0
                0x080001c8                __aeabi_idiv0
 .text          0x080001cc       0x10 /home/bry/.platformio/packages/toolchain-gccarmnoneeabi/bin/../lib/gcc/arm-none-eabi/12.3.1/../../../../arm-none-eabi/lib/thumb/v7e-m+fp/hard/libc_nano.a(libc_a-strlen.o)
                0x080001cc                strlen
 *(.text*)
 .text.__do_global_dtors_aux
                0x080001dc       0x24 /home/bry/.platformio/packages/toolchain-gccarmnoneeabi/bin/../lib/gcc/arm-none-eabi/12.3.1/thumb/v7e-m+fp/hard/crtbegin.o
 .text.frame_dummy
                0x08000200       0x1c /home/bry/.platformio/packages/toolchain-gccarmnoneeabi/bin/../lib/gcc/arm-none-eabi/12.3.1/thumb/v7e-m+fp/hard/crtbegin.o
 .text.SystemClock_Config
                0x0800021c       0x9c .pio/build/genericSTM32F411CE/FrameworkArduinoVariant/generic_clock.c.o
                0x0800021c                SystemClock_Config
 .text.HAL_MspInit
                0x080002b8        0x2 .pio/build/genericSTM32F411CE/SrcWrapper/src/HAL/stm32yyxx_hal.c.o
                0x080002b8                HAL_MspInit
 *fill*         0x080002ba        0x2 
 .text.HAL_InitTick
                0x080002bc       0x48 .pio/build/genericSTM32F411CE/SrcWrapper/src/HAL/stm32yyxx_hal.c.o
                0x080002bc                HAL_InitTick
 .text.HAL_Init
                0x08000304       0x34 .pio/build/genericSTM32F411CE/SrcWrapper/src/HAL/stm32yyxx_hal.c.o
                0x08000304                HAL_Init
 .text.HAL_IncTick
                0x08000338       0x18 .pio/build/genericSTM32F411CE/SrcWrapper/src/HAL/stm32yyxx_hal.c.o
                0x08000338                HAL_IncTick
 .text.HAL_GetTick
                0x08000350        0xc .pio/build/genericSTM32F411CE/SrcWrapper/src/HAL/stm32yyxx_hal.c.o
                0x08000350                HAL_GetTick
 .text.HAL_Delay
                0x0800035c       0x28 .pio/build/genericSTM32F411CE/SrcWrapper/src/HAL/stm32yyxx_hal.c.o
                0x0800035c                HAL_Delay
 .text.HAL_NVIC_SetPriorityGrouping
                0x08000384       0x24 .pio/build/genericSTM32F411CE/SrcWrapper/src/HAL/stm32yyxx_hal_cortex.c.o
                0x08000384                HAL_NVIC_SetPriorityGrouping
 .text.HAL_NVIC_SetPriority
                0x080003a8       0x64 .pio/build/genericSTM32F411CE/SrcWrapper/src/HAL/stm32yyxx_hal_cortex.c.o
                0x080003a8                HAL_NVIC_SetPriority
 .text.HAL_NVIC_EnableIRQ
                0x0800040c       0x1c .pio/build/genericSTM32F411CE/SrcWrapper/src/HAL/stm32yyxx_hal_cortex.c.o
                0x0800040c                HAL_NVIC_EnableIRQ
 .text.HAL_NVIC_DisableIRQ
                0x08000428       0x24 .pio/build/genericSTM32F411CE/SrcWrapper/src/HAL/stm32yyxx_hal_cortex.c.o
                0x08000428                HAL_NVIC_DisableIRQ
 .text.HAL_SYSTICK_Config
                0x0800044c       0x28 .pio/build/genericSTM32F411CE/SrcWrapper/src/HAL/stm32yyxx_hal_cortex.c.o
                0x0800044c                HAL_SYSTICK_Config
 .text.HAL_NVIC_ClearPendingIRQ
                0x08000474       0x1c .pio/build/genericSTM32F411CE/SrcWrapper/src/HAL/stm32yyxx_hal_cortex.c.o
                0x08000474                HAL_NVIC_ClearPendingIRQ
 .text.HAL_SYSTICK_Callback
                0x08000490        0x2 .pio/build/genericSTM32F411CE/SrcWrapper/src/HAL/stm32yyxx_hal_cortex.c.o
                0x08000490                HAL_SYSTICK_Callback
 .text.HAL_SYSTICK_IRQHandler
                0x08000492        0x8 .pio/build/genericSTM32F411CE/SrcWrapper/src/HAL/stm32yyxx_hal_cortex.c.o
                0x08000492                HAL_SYSTICK_IRQHandler
 .text.HAL_CRC_MspInit
                0x0800049a        0x2 .pio/build/genericSTM32F411CE/SrcWrapper/src/HAL/stm32yyxx_hal_crc.c.o
                0x0800049a                HAL_CRC_MspInit
 .text.HAL_CRC_Init
                0x0800049c       0x20 .pio/build/genericSTM32F411CE/SrcWrapper/src/HAL/stm32yyxx_hal_crc.c.o
                0x0800049c                HAL_CRC_Init
 .text.HAL_DMA_Abort
                0x080004bc       0x7c .pio/build/genericSTM32F411CE/SrcWrapper/src/HAL/stm32yyxx_hal_dma.c.o
                0x080004bc                HAL_DMA_Abort
 .text.HAL_DMA_Abort_IT
                0x08000538       0x24 .pio/build/genericSTM32F411CE/SrcWrapper/src/HAL/stm32yyxx_hal_dma.c.o
                0x08000538                HAL_DMA_Abort_IT
 .text.HAL_GPIO_EXTI_IRQHandler
                0x0800055c       0x18 .pio/build/genericSTM32F411CE/SrcWrapper/src/HAL/stm32yyxx_hal_gpio.c.o
                0x0800055c                HAL_GPIO_EXTI_IRQHandler
 .text.HAL_PCD_Init
                0x08000574       0xde .pio/build/genericSTM32F411CE/SrcWrapper/src/HAL/stm32yyxx_hal_pcd.c.o
                0x08000574                HAL_PCD_Init
 .text.HAL_PCD_Start
                0x08000652       0x3e .pio/build/genericSTM32F411CE/SrcWrapper/src/HAL/stm32yyxx_hal_pcd.c.o
                0x08000652                HAL_PCD_Start
 .text.HAL_PCD_SetAddress
                0x08000690       0x26 .pio/build/genericSTM32F411CE/SrcWrapper/src/HAL/stm32yyxx_hal_pcd.c.o
                0x08000690                HAL_PCD_SetAddress
 .text.HAL_PCD_EP_Open
                0x080006b6       0x6e .pio/build/genericSTM32F411CE/SrcWrapper/src/HAL/stm32yyxx_hal_pcd.c.o
                0x080006b6                HAL_PCD_EP_Open
 .text.HAL_PCD_EP_Close
                0x08000724       0x5c .pio/build/genericSTM32F411CE/SrcWrapper/src/HAL/stm32yyxx_hal_pcd.c.o
                0x08000724                HAL_PCD_EP_Close
 .text.HAL_PCD_EP_Receive
                0x08000780       0x3c .pio/build/genericSTM32F411CE/SrcWrapper/src/HAL/stm32yyxx_hal_pcd.c.o
                0x08000780                HAL_PCD_EP_Receive
 .text.HAL_PCD_EP_GetRxCount
                0x080007bc       0x10 .pio/build/genericSTM32F411CE/SrcWrapper/src/HAL/stm32yyxx_hal_pcd.c.o
                0x080007bc                HAL_PCD_EP_GetRxCount
 .text.HAL_PCD_EP_Transmit
                0x080007cc       0x36 .pio/build/genericSTM32F411CE/SrcWrapper/src/HAL/stm32yyxx_hal_pcd.c.o
                0x080007cc                HAL_PCD_EP_Transmit
 .text.HAL_PCD_EP_SetStall
                0x08000802       0x6e .pio/build/genericSTM32F411CE/SrcWrapper/src/HAL/stm32yyxx_hal_pcd.c.o
                0x08000802                HAL_PCD_EP_SetStall
 .text.HAL_PCD_EP_ClrStall
                0x08000870       0x6a .pio/build/genericSTM32F411CE/SrcWrapper/src/HAL/stm32yyxx_hal_pcd.c.o
                0x08000870                HAL_PCD_EP_ClrStall
 .text.HAL_PCD_EP_Abort
                0x080008da       0x20 .pio/build/genericSTM32F411CE/SrcWrapper/src/HAL/stm32yyxx_hal_pcd.c.o
                0x080008da                HAL_PCD_EP_Abort
 *fill*         0x080008fa        0x2 
 .text.HAL_PCD_IRQHandler
                0x080008fc      0x68c .pio/build/genericSTM32F411CE/SrcWrapper/src/HAL/stm32yyxx_hal_pcd.c.o
                0x080008fc                HAL_PCD_IRQHandler
 .text.HAL_PCDEx_SetTxFiFo
                0x08000f88       0x3e .pio/build/genericSTM32F411CE/SrcWrapper/src/HAL/stm32yyxx_hal_pcd_ex.c.o
                0x08000f88                HAL_PCDEx_SetTxFiFo
 .text.HAL_PCDEx_SetRxFiFo
                0x08000fc6        0x8 .pio/build/genericSTM32F411CE/SrcWrapper/src/HAL/stm32yyxx_hal_pcd_ex.c.o
                0x08000fc6                HAL_PCDEx_SetRxFiFo
 .text.HAL_PCDEx_LPM_Callback
                0x08000fce        0x2 .pio/build/genericSTM32F411CE/SrcWrapper/src/HAL/stm32yyxx_hal_pcd_ex.c.o
                0x08000fce                HAL_PCDEx_LPM_Callback
 .text.HAL_RCC_OscConfig
                0x08000fd0      0x35c .pio/build/genericSTM32F411CE/SrcWrapper/src/HAL/stm32yyxx_hal_rcc.c.o
                0x08000fd0                HAL_RCC_OscConfig
 .text.HAL_RCC_GetSysClockFreq
                0x0800132c       0x5c .pio/build/genericSTM32F411CE/SrcWrapper/src/HAL/stm32yyxx_hal_rcc.c.o
                0x0800132c                HAL_RCC_GetSysClockFreq
 .text.HAL_RCC_ClockConfig
                0x08001388      0x134 .pio/build/genericSTM32F411CE/SrcWrapper/src/HAL/stm32yyxx_hal_rcc.c.o
                0x08001388                HAL_RCC_ClockConfig
 .text.HAL_RCC_GetHCLKFreq
                0x080014bc        0xc .pio/build/genericSTM32F411CE/SrcWrapper/src/HAL/stm32yyxx_hal_rcc.c.o
                0x080014bc                HAL_RCC_GetHCLKFreq
 .text.HAL_TIM_PWM_PulseFinishedCallback
                0x080014c8        0x2 .pio/build/genericSTM32F411CE/SrcWrapper/src/HAL/stm32yyxx_hal_tim.c.o
                0x080014c8                HAL_TIM_PWM_PulseFinishedCallback
 .text.HAL_TIM_TriggerCallback
                0x080014ca        0x2 .pio/build/genericSTM32F411CE/SrcWrapper/src/HAL/stm32yyxx_hal_tim.c.o
                0x080014ca                HAL_TIM_TriggerCallback
 .text.HAL_TIM_IRQHandler
                0x080014cc      0x128 .pio/build/genericSTM32F411CE/SrcWrapper/src/HAL/stm32yyxx_hal_tim.c.o
                0x080014cc                HAL_TIM_IRQHandler
 .text.TIM_Base_SetConfig
                0x080015f4       0x88 .pio/build/genericSTM32F411CE/SrcWrapper/src/HAL/stm32yyxx_hal_tim.c.o
                0x080015f4                TIM_Base_SetConfig
 .text.HAL_TIM_Base_Init
                0x0800167c       0x58 .pio/build/genericSTM32F411CE/SrcWrapper/src/HAL/stm32yyxx_hal_tim.c.o
                0x0800167c                HAL_TIM_Base_Init
 .text.HAL_TIMEx_CommutCallback
                0x080016d4        0x2 .pio/build/genericSTM32F411CE/SrcWrapper/src/HAL/stm32yyxx_hal_tim_ex.c.o
                0x080016d4                HAL_TIMEx_CommutCallback
 .text.HAL_TIMEx_BreakCallback
                0x080016d6        0x2 .pio/build/genericSTM32F411CE/SrcWrapper/src/HAL/stm32yyxx_hal_tim_ex.c.o
                0x080016d6                HAL_TIMEx_BreakCallback
 .text.UART_EndRxTransfer
                0x080016d8       0x5c .pio/build/genericSTM32F411CE/SrcWrapper/src/HAL/stm32yyxx_hal_uart.c.o
 .text.HAL_UART_Transmit_IT
                0x08001734       0x32 .pio/build/genericSTM32F411CE/SrcWrapper/src/HAL/stm32yyxx_hal_uart.c.o
                0x08001734                HAL_UART_Transmit_IT
 .text.UART_DMAAbortOnError
                0x08001766       0x10 .pio/build/genericSTM32F411CE/SrcWrapper/src/HAL/stm32yyxx_hal_uart.c.o
 .text.HAL_UARTEx_RxEventCallback
                0x08001776        0x2 .pio/build/genericSTM32F411CE/SrcWrapper/src/HAL/stm32yyxx_hal_uart.c.o
                0x08001776                HAL_UARTEx_RxEventCallback
 .text.UART_Receive_IT.isra.0
                0x08001778       0xb6 .pio/build/genericSTM32F411CE/SrcWrapper/src/HAL/stm32yyxx_hal_uart.c.o
 *fill*         0x0800182e        0x2 
 .text.HAL_UART_IRQHandler
                0x08001830      0x2dc .pio/build/genericSTM32F411CE/SrcWrapper/src/HAL/stm32yyxx_hal_uart.c.o
                0x08001830                HAL_UART_IRQHandler
 .text.HAL_HalfDuplex_EnableTransmitter
                0x08001b0c       0x30 .pio/build/genericSTM32F411CE/SrcWrapper/src/HAL/stm32yyxx_hal_uart.c.o
                0x08001b0c                HAL_HalfDuplex_EnableTransmitter
 .text.HAL_HalfDuplex_EnableReceiver
                0x08001b3c       0x30 .pio/build/genericSTM32F411CE/SrcWrapper/src/HAL/stm32yyxx_hal_uart.c.o
                0x08001b3c                HAL_HalfDuplex_EnableReceiver
 .text.HAL_UART_GetState
                0x08001b6c        0xc .pio/build/genericSTM32F411CE/SrcWrapper/src/HAL/stm32yyxx_hal_uart.c.o
                0x08001b6c                HAL_UART_GetState
 .text.UART_Start_Receive_IT
                0x08001b78       0x32 .pio/build/genericSTM32F411CE/SrcWrapper/src/HAL/stm32yyxx_hal_uart.c.o
                0x08001b78                UART_Start_Receive_IT
 .text.HAL_UART_Receive_IT
                0x08001baa       0x22 .pio/build/genericSTM32F411CE/SrcWrapper/src/HAL/stm32yyxx_hal_uart.c.o
                0x08001baa                HAL_UART_Receive_IT
 .text._ZNSt8functionIFvvEEaSEDn.isra.0
                0x08001bcc       0x16 .pio/build/genericSTM32F411CE/SrcWrapper/src/HardwareTimer.cpp.o
 .text._ZNSt14_Function_baseD2Ev
                0x08001be2       0x12 .pio/build/genericSTM32F411CE/SrcWrapper/src/HardwareTimer.cpp.o
                0x08001be2                std::_Function_base::~_Function_base()
                0x08001be2                std::_Function_base::~_Function_base()
 .text._Z15get_timer_indexP11TIM_TypeDef
                0x08001bf4       0x68 .pio/build/genericSTM32F411CE/SrcWrapper/src/HardwareTimer.cpp.o
                0x08001bf4                get_timer_index(TIM_TypeDef*)
 .text._ZN13HardwareTimerD2Ev
                0x08001c5c       0x40 .pio/build/genericSTM32F411CE/SrcWrapper/src/HardwareTimer.cpp.o
                0x08001c5c                HardwareTimer::~HardwareTimer()
                0x08001c5c                HardwareTimer::~HardwareTimer()
 .text._ZN13HardwareTimer5setupEP11TIM_TypeDef
                0x08001c9c       0x90 .pio/build/genericSTM32F411CE/SrcWrapper/src/HardwareTimer.cpp.o
                0x08001c9c                HardwareTimer::setup(TIM_TypeDef*)
 .text.TIM1_UP_TIM10_IRQHandler
                0x08001d2c       0x24 .pio/build/genericSTM32F411CE/SrcWrapper/src/HardwareTimer.cpp.o
                0x08001d2c                TIM1_UP_TIM10_IRQHandler
 .text.TIM1_CC_IRQHandler
                0x08001d50       0x14 .pio/build/genericSTM32F411CE/SrcWrapper/src/HardwareTimer.cpp.o
                0x08001d50                TIM1_CC_IRQHandler
 .text.TIM2_IRQHandler
                0x08001d64       0x14 .pio/build/genericSTM32F411CE/SrcWrapper/src/HardwareTimer.cpp.o
                0x08001d64                TIM2_IRQHandler
 .text.TIM3_IRQHandler
                0x08001d78       0x14 .pio/build/genericSTM32F411CE/SrcWrapper/src/HardwareTimer.cpp.o
                0x08001d78                TIM3_IRQHandler
 .text.TIM4_IRQHandler
                0x08001d8c       0x14 .pio/build/genericSTM32F411CE/SrcWrapper/src/HardwareTimer.cpp.o
                0x08001d8c                TIM4_IRQHandler
 .text.TIM5_IRQHandler
                0x08001da0       0x14 .pio/build/genericSTM32F411CE/SrcWrapper/src/HardwareTimer.cpp.o
                0x08001da0                TIM5_IRQHandler
 .text.TIM1_BRK_TIM9_IRQHandler
                0x08001db4       0x14 .pio/build/genericSTM32F411CE/SrcWrapper/src/HardwareTimer.cpp.o
                0x08001db4                TIM1_BRK_TIM9_IRQHandler
 .text.TIM1_TRG_COM_TIM11_IRQHandler
                0x08001dc8       0x14 .pio/build/genericSTM32F411CE/SrcWrapper/src/HardwareTimer.cpp.o
                0x08001dc8                TIM1_TRG_COM_TIM11_IRQHandler
 .text._ZNSt8functionIFvvEEC2Ev
                0x08001ddc        0xc .pio/build/genericSTM32F411CE/SrcWrapper/src/HardwareTimer.cpp.o
                0x08001ddc                std::function<void ()>::function()
                0x08001ddc                std::function<void ()>::function()
 .text._ZN13HardwareTimerC2EP11TIM_TypeDef
                0x08001de8       0x2a .pio/build/genericSTM32F411CE/SrcWrapper/src/HardwareTimer.cpp.o
                0x08001de8                HardwareTimer::HardwareTimer(TIM_TypeDef*)
                0x08001de8                HardwareTimer::HardwareTimer(TIM_TypeDef*)
 .text._ZNKSt8functionIFvvEEclEv
                0x08001e12       0x12 .pio/build/genericSTM32F411CE/SrcWrapper/src/HardwareTimer.cpp.o
                0x08001e12                std::function<void ()>::operator()() const
 .text._ZN13HardwareTimer14updateCallbackEP17TIM_HandleTypeDef
                0x08001e24       0x18 .pio/build/genericSTM32F411CE/SrcWrapper/src/HardwareTimer.cpp.o
                0x08001e24                HardwareTimer::updateCallback(TIM_HandleTypeDef*)
 .text.HAL_TIM_PeriodElapsedCallback
                0x08001e3c        0x4 .pio/build/genericSTM32F411CE/SrcWrapper/src/HardwareTimer.cpp.o
                0x08001e3c                HAL_TIM_PeriodElapsedCallback
 .text._ZN13HardwareTimer22captureCompareCallbackEP17TIM_HandleTypeDef
                0x08001e40       0x3e .pio/build/genericSTM32F411CE/SrcWrapper/src/HardwareTimer.cpp.o
                0x08001e40                HardwareTimer::captureCompareCallback(TIM_HandleTypeDef*)
 .text.HAL_TIM_OC_DelayElapsedCallback
                0x08001e7e        0x4 .pio/build/genericSTM32F411CE/SrcWrapper/src/HardwareTimer.cpp.o
                0x08001e7e                HAL_TIM_OC_DelayElapsedCallback
 .text.HAL_TIM_IC_CaptureCallback
                0x08001e82        0x4 .pio/build/genericSTM32F411CE/SrcWrapper/src/HardwareTimer.cpp.o
                0x08001e82                HAL_TIM_IC_CaptureCallback
 .text.USB_CoreReset
                0x08001e86       0x46 .pio/build/genericSTM32F411CE/SrcWrapper/src/LL/stm32yyxx_ll_usb.c.o
 .text.USB_CoreInit
                0x08001ecc       0x88 .pio/build/genericSTM32F411CE/SrcWrapper/src/LL/stm32yyxx_ll_usb.c.o
                0x08001ecc                USB_CoreInit
 .text.USB_SetTurnaroundTime
                0x08001f54       0xe0 .pio/build/genericSTM32F411CE/SrcWrapper/src/LL/stm32yyxx_ll_usb.c.o
                0x08001f54                USB_SetTurnaroundTime
 .text.USB_EnableGlobalInt
                0x08002034        0xc .pio/build/genericSTM32F411CE/SrcWrapper/src/LL/stm32yyxx_ll_usb.c.o
                0x08002034                USB_EnableGlobalInt
 .text.USB_DisableGlobalInt
                0x08002040        0xc .pio/build/genericSTM32F411CE/SrcWrapper/src/LL/stm32yyxx_ll_usb.c.o
                0x08002040                USB_DisableGlobalInt
 .text.USB_SetCurrentMode
                0x0800204c       0x60 .pio/build/genericSTM32F411CE/SrcWrapper/src/LL/stm32yyxx_ll_usb.c.o
                0x0800204c                USB_SetCurrentMode
 .text.USB_FlushTxFifo
                0x080020ac       0x46 .pio/build/genericSTM32F411CE/SrcWrapper/src/LL/stm32yyxx_ll_usb.c.o
                0x080020ac                USB_FlushTxFifo
 .text.USB_FlushRxFifo
                0x080020f2       0x42 .pio/build/genericSTM32F411CE/SrcWrapper/src/LL/stm32yyxx_ll_usb.c.o
                0x080020f2                USB_FlushRxFifo
 .text.USB_SetDevSpeed
                0x08002134        0xe .pio/build/genericSTM32F411CE/SrcWrapper/src/LL/stm32yyxx_ll_usb.c.o
                0x08002134                USB_SetDevSpeed
 *fill*         0x08002142        0x2 
 .text.USB_DevInit
                0x08002144      0x188 .pio/build/genericSTM32F411CE/SrcWrapper/src/LL/stm32yyxx_ll_usb.c.o
                0x08002144                USB_DevInit
 .text.USB_GetDevSpeed
                0x080022cc       0x16 .pio/build/genericSTM32F411CE/SrcWrapper/src/LL/stm32yyxx_ll_usb.c.o
                0x080022cc                USB_GetDevSpeed
 .text.USB_ActivateEndpoint
                0x080022e2       0x7e .pio/build/genericSTM32F411CE/SrcWrapper/src/LL/stm32yyxx_ll_usb.c.o
                0x080022e2                USB_ActivateEndpoint
 .text.USB_DeactivateEndpoint
                0x08002360       0xac .pio/build/genericSTM32F411CE/SrcWrapper/src/LL/stm32yyxx_ll_usb.c.o
                0x08002360                USB_DeactivateEndpoint
 .text.USB_EPStopXfer
                0x0800240c       0x84 .pio/build/genericSTM32F411CE/SrcWrapper/src/LL/stm32yyxx_ll_usb.c.o
                0x0800240c                USB_EPStopXfer
 .text.USB_WritePacket
                0x08002490       0x26 .pio/build/genericSTM32F411CE/SrcWrapper/src/LL/stm32yyxx_ll_usb.c.o
                0x08002490                USB_WritePacket
 *fill*         0x080024b6        0x2 
 .text.USB_EPStartXfer
                0x080024b8      0x1c8 .pio/build/genericSTM32F411CE/SrcWrapper/src/LL/stm32yyxx_ll_usb.c.o
                0x080024b8                USB_EPStartXfer
 .text.USB_ReadPacket
                0x08002680       0x40 .pio/build/genericSTM32F411CE/SrcWrapper/src/LL/stm32yyxx_ll_usb.c.o
                0x08002680                USB_ReadPacket
 .text.USB_EPSetStall
                0x080026c0       0x56 .pio/build/genericSTM32F411CE/SrcWrapper/src/LL/stm32yyxx_ll_usb.c.o
                0x080026c0                USB_EPSetStall
 .text.USB_EPClearStall
                0x08002716       0x52 .pio/build/genericSTM32F411CE/SrcWrapper/src/LL/stm32yyxx_ll_usb.c.o
                0x08002716                USB_EPClearStall
 .text.USB_SetDevAddress
                0x08002768       0x20 .pio/build/genericSTM32F411CE/SrcWrapper/src/LL/stm32yyxx_ll_usb.c.o
                0x08002768                USB_SetDevAddress
 .text.USB_DevConnect
                0x08002788       0x1c .pio/build/genericSTM32F411CE/SrcWrapper/src/LL/stm32yyxx_ll_usb.c.o
                0x08002788                USB_DevConnect
 .text.USB_DevDisconnect
                0x080027a4       0x1c .pio/build/genericSTM32F411CE/SrcWrapper/src/LL/stm32yyxx_ll_usb.c.o
                0x080027a4                USB_DevDisconnect
 .text.USB_ReadInterrupts
                0x080027c0        0x8 .pio/build/genericSTM32F411CE/SrcWrapper/src/LL/stm32yyxx_ll_usb.c.o
                0x080027c0                USB_ReadInterrupts
 .text.USB_ReadDevAllOutEpInterrupt
                0x080027c8       0x10 .pio/build/genericSTM32F411CE/SrcWrapper/src/LL/stm32yyxx_ll_usb.c.o
                0x080027c8                USB_ReadDevAllOutEpInterrupt
 .text.USB_ReadDevAllInEpInterrupt
                0x080027d8       0x10 .pio/build/genericSTM32F411CE/SrcWrapper/src/LL/stm32yyxx_ll_usb.c.o
                0x080027d8                USB_ReadDevAllInEpInterrupt
 .text.USB_ReadDevOutEPInterrupt
                0x080027e8       0x12 .pio/build/genericSTM32F411CE/SrcWrapper/src/LL/stm32yyxx_ll_usb.c.o
                0x080027e8                USB_ReadDevOutEPInterrupt
 .text.USB_ReadDevInEPInterrupt
                0x080027fa       0x22 .pio/build/genericSTM32F411CE/SrcWrapper/src/LL/stm32yyxx_ll_usb.c.o
                0x080027fa                USB_ReadDevInEPInterrupt
 .text.USB_GetMode
                0x0800281c        0x8 .pio/build/genericSTM32F411CE/SrcWrapper/src/LL/stm32yyxx_ll_usb.c.o
                0x0800281c                USB_GetMode
 .text.USB_ActivateSetup
                0x08002824       0x20 .pio/build/genericSTM32F411CE/SrcWrapper/src/LL/stm32yyxx_ll_usb.c.o
                0x08002824                USB_ActivateSetup
 .text.USB_EP0_OutStart
                0x08002844       0x4c .pio/build/genericSTM32F411CE/SrcWrapper/src/LL/stm32yyxx_ll_usb.c.o
                0x08002844                USB_EP0_OutStart
 .text._Znwj    0x08002890        0x4 .pio/build/genericSTM32F411CE/SrcWrapper/src/new.cpp.o
                0x08002890                operator new(unsigned int)
 .text._ZdlPvj  0x08002894        0x4 .pio/build/genericSTM32F411CE/SrcWrapper/src/new.cpp.o
                0x08002894                operator delete(void*, unsigned int)
 .text.set_GPIO_Port_Clock
                0x08002898       0xd0 .pio/build/genericSTM32F411CE/SrcWrapper/src/stm32/PortNames.c.o
                0x08002898                set_GPIO_Port_Clock
 .text.pwm_stop
                0x08002968       0x5c .pio/build/genericSTM32F411CE/SrcWrapper/src/stm32/analog.cpp.o
                0x08002968                pwm_stop
 .text.getCurrentMillis
                0x080029c4        0x4 .pio/build/genericSTM32F411CE/SrcWrapper/src/stm32/clock.c.o
                0x080029c4                getCurrentMillis
 .text.noOsSystickHandler
                0x080029c8        0x2 .pio/build/genericSTM32F411CE/SrcWrapper/src/stm32/clock.c.o
                0x080029c8                noOsSystickHandler
                0x080029c8                osSystickHandler
 .text.SysTick_Handler
                0x080029ca       0x10 .pio/build/genericSTM32F411CE/SrcWrapper/src/stm32/clock.c.o
                0x080029ca                SysTick_Handler
 .text.configHSECapacitorTuning
                0x080029da        0x2 .pio/build/genericSTM32F411CE/SrcWrapper/src/stm32/clock.c.o
                0x080029da                configHSECapacitorTuning
 .text.configIPClock
                0x080029dc       0x4c .pio/build/genericSTM32F411CE/SrcWrapper/src/stm32/clock.c.o
                0x080029dc                configIPClock
 .text.dwt_init
                0x08002a28       0x3c .pio/build/genericSTM32F411CE/SrcWrapper/src/stm32/dwt.c.o
                0x08002a28                dwt_init
 .text.hw_config_init
                0x08002a64       0x28 .pio/build/genericSTM32F411CE/SrcWrapper/src/stm32/hw_config.c.o
                0x08002a64                hw_config_init
 .text.startup._ZNSt8functionIFvvEEC2EDn.constprop.0.isra.0
                0x08002a8c        0xc .pio/build/genericSTM32F411CE/SrcWrapper/src/stm32/interrupt.cpp.o
 .text.HAL_GPIO_EXTI_Callback
                0x08002a98       0x2c .pio/build/genericSTM32F411CE/SrcWrapper/src/stm32/interrupt.cpp.o
                0x08002a98                HAL_GPIO_EXTI_Callback
 .text.EXTI0_IRQHandler
                0x08002ac4        0x6 .pio/build/genericSTM32F411CE/SrcWrapper/src/stm32/interrupt.cpp.o
                0x08002ac4                EXTI0_IRQHandler
 .text.EXTI1_IRQHandler
                0x08002aca        0x6 .pio/build/genericSTM32F411CE/SrcWrapper/src/stm32/interrupt.cpp.o
                0x08002aca                EXTI1_IRQHandler
 .text.EXTI2_IRQHandler
                0x08002ad0        0x6 .pio/build/genericSTM32F411CE/SrcWrapper/src/stm32/interrupt.cpp.o
                0x08002ad0                EXTI2_IRQHandler
 .text.EXTI3_IRQHandler
                0x08002ad6        0x6 .pio/build/genericSTM32F411CE/SrcWrapper/src/stm32/interrupt.cpp.o
                0x08002ad6                EXTI3_IRQHandler
 .text.EXTI4_IRQHandler
                0x08002adc        0x6 .pio/build/genericSTM32F411CE/SrcWrapper/src/stm32/interrupt.cpp.o
                0x08002adc                EXTI4_IRQHandler
 .text.EXTI9_5_IRQHandler
                0x08002ae2       0x16 .pio/build/genericSTM32F411CE/SrcWrapper/src/stm32/interrupt.cpp.o
                0x08002ae2                EXTI9_5_IRQHandler
 .text.EXTI15_10_IRQHandler
                0x08002af8       0x18 .pio/build/genericSTM32F411CE/SrcWrapper/src/stm32/interrupt.cpp.o
                0x08002af8                EXTI15_10_IRQHandler
 .text.startup._GLOBAL__sub_I__Z22stm32_interrupt_enableP12GPIO_TypeDeftSt8functionIFvvEEm
                0x08002b10       0xd8 .pio/build/genericSTM32F411CE/SrcWrapper/src/stm32/interrupt.cpp.o
 .text.exit._GLOBAL__sub_D__Z22stm32_interrupt_enableP12GPIO_TypeDeftSt8functionIFvvEEm
                0x08002be8       0x1c .pio/build/genericSTM32F411CE/SrcWrapper/src/stm32/interrupt.cpp.o
 .text.LL_GPIO_SetPinPull
                0x08002c04       0x2a .pio/build/genericSTM32F411CE/SrcWrapper/src/stm32/pinmap.c.o
 .text.pin_in_pinmap
                0x08002c2e       0x1e .pio/build/genericSTM32F411CE/SrcWrapper/src/stm32/pinmap.c.o
                0x08002c2e                pin_in_pinmap
 .text.pin_function
                0x08002c4c      0x11c .pio/build/genericSTM32F411CE/SrcWrapper/src/stm32/pinmap.c.o
                0x08002c4c                pin_function
 .text.pinmap_find_peripheral
                0x08002d68       0x16 .pio/build/genericSTM32F411CE/SrcWrapper/src/stm32/pinmap.c.o
                0x08002d68                pinmap_find_peripheral
 .text.pinmap_peripheral
                0x08002d7e        0xc .pio/build/genericSTM32F411CE/SrcWrapper/src/stm32/pinmap.c.o
                0x08002d7e                pinmap_peripheral
 .text.pinmap_find_pin
                0x08002d8a       0x16 .pio/build/genericSTM32F411CE/SrcWrapper/src/stm32/pinmap.c.o
                0x08002d8a                pinmap_find_pin
 .text.pinmap_pin
                0x08002da0        0xc .pio/build/genericSTM32F411CE/SrcWrapper/src/stm32/pinmap.c.o
                0x08002da0                pinmap_pin
 .text.SystemInit
                0x08002dac       0x50 .pio/build/genericSTM32F411CE/SrcWrapper/src/stm32/system_stm32yyxx.c.o
                0x08002dac                SystemInit
 .text.get_timer_obj
                0x08002dfc        0x4 .pio/build/genericSTM32F411CE/SrcWrapper/src/stm32/timer.c.o
                0x08002dfc                get_timer_obj
 .text.enableTimerClock
                0x08002e00      0x128 .pio/build/genericSTM32F411CE/SrcWrapper/src/stm32/timer.c.o
                0x08002e00                enableTimerClock
 .text.disableTimerClock
                0x08002f28       0xb4 .pio/build/genericSTM32F411CE/SrcWrapper/src/stm32/timer.c.o
                0x08002f28                disableTimerClock
 .text.getTimerUpIrq
                0x08002fdc       0x74 .pio/build/genericSTM32F411CE/SrcWrapper/src/stm32/timer.c.o
                0x08002fdc                getTimerUpIrq
 .text.getTimerCCIrq
                0x08003050       0x78 .pio/build/genericSTM32F411CE/SrcWrapper/src/stm32/timer.c.o
                0x08003050                getTimerCCIrq
 .text.HAL_TIM_Base_MspInit
                0x080030c8       0x4e .pio/build/genericSTM32F411CE/SrcWrapper/src/stm32/timer.c.o
                0x080030c8                HAL_TIM_Base_MspInit
 *fill*         0x08003116        0x2 
 .text.serial_rx_active
                0x08003118       0x24 .pio/build/genericSTM32F411CE/SrcWrapper/src/stm32/uart.c.o
                0x08003118                serial_rx_active
 .text.serial_tx_active
                0x0800313c       0x24 .pio/build/genericSTM32F411CE/SrcWrapper/src/stm32/uart.c.o
                0x0800313c                serial_tx_active
 .text.uart_attach_tx_callback
                0x08003160       0x40 .pio/build/genericSTM32F411CE/SrcWrapper/src/stm32/uart.c.o
                0x08003160                uart_attach_tx_callback
 .text.uart_enable_tx
                0x080031a0       0x1c .pio/build/genericSTM32F411CE/SrcWrapper/src/stm32/uart.c.o
                0x080031a0                uart_enable_tx
 .text.uart_enable_rx
                0x080031bc       0x1c .pio/build/genericSTM32F411CE/SrcWrapper/src/stm32/uart.c.o
                0x080031bc                uart_enable_rx
 .text.HAL_UART_RxCpltCallback
                0x080031d8        0x6 .pio/build/genericSTM32F411CE/SrcWrapper/src/stm32/uart.c.o
                0x080031d8                HAL_UART_RxCpltCallback
 .text.HAL_UART_TxCpltCallback
                0x080031de        0x6 .pio/build/genericSTM32F411CE/SrcWrapper/src/stm32/uart.c.o
                0x080031de                HAL_UART_TxCpltCallback
 .text.HAL_UART_ErrorCallback
                0x080031e4       0x7c .pio/build/genericSTM32F411CE/SrcWrapper/src/stm32/uart.c.o
                0x080031e4                HAL_UART_ErrorCallback
 .text.USART1_IRQHandler
                0x08003260       0x18 .pio/build/genericSTM32F411CE/SrcWrapper/src/stm32/uart.c.o
                0x08003260                USART1_IRQHandler
 .text.USART2_IRQHandler
                0x08003278       0x1c .pio/build/genericSTM32F411CE/SrcWrapper/src/stm32/uart.c.o
                0x08003278                USART2_IRQHandler
 .text.USART6_IRQHandler
                0x08003294       0x18 .pio/build/genericSTM32F411CE/SrcWrapper/src/stm32/uart.c.o
                0x08003294                USART6_IRQHandler
 .text._sbrk    0x080032ac       0x3c .pio/build/genericSTM32F411CE/SrcWrapper/src/syscalls.c.o
                0x080032ac                _sbrk
 .text._exit    0x080032e8        0x2 .pio/build/genericSTM32F411CE/SrcWrapper/src/syscalls.c.o
                0x080032e8                _exit
 *fill*         0x080032ea        0x2 
 .text._kill    0x080032ec       0x10 .pio/build/genericSTM32F411CE/SrcWrapper/src/syscalls.c.o
                0x080032ec                _kill
 .text._getpid  0x080032fc        0x4 .pio/build/genericSTM32F411CE/SrcWrapper/src/syscalls.c.o
                0x080032fc                _getpid
 .text._Z11setReadModev
                0x08003300       0x28 .pio/build/genericSTM32F411CE/src/main.cpp.o
                0x08003300                setReadMode()
 .text._Z12setWriteModev
                0x08003328       0x24 .pio/build/genericSTM32F411CE/src/main.cpp.o
                0x08003328                setWriteMode()
 .text._Z8seekAddrj
                0x0800334c       0x2c .pio/build/genericSTM32F411CE/src/main.cpp.o
                0x0800334c                seekAddr(unsigned int)
 .text._Z10writeROM64jPKh
                0x08003378       0x88 .pio/build/genericSTM32F411CE/src/main.cpp.o
                0x08003378                writeROM64(unsigned int, unsigned char const*)
 .text._Z7readROMj
                0x08003400       0x50 .pio/build/genericSTM32F411CE/src/main.cpp.o
                0x08003400                readROM(unsigned int)
 .text.setup    0x08003450       0x8c .pio/build/genericSTM32F411CE/src/main.cpp.o
                0x08003450                setup
 .text.loop     0x080034dc       0x90 .pio/build/genericSTM32F411CE/src/main.cpp.o
                0x080034dc                loop
 .text._ZN9USBSerial5writeEh
                0x0800356c       0x18 .pio/build/genericSTM32F411CE/libFrameworkArduino.a(USBSerial.cpp.o)
                0x0800356c                USBSerial::write(unsigned char)
 .text._ZN9USBSerial17availableForWriteEv
                0x08003584        0xc .pio/build/genericSTM32F411CE/libFrameworkArduino.a(USBSerial.cpp.o)
                0x08003584                USBSerial::availableForWrite()
 .text._ZN9USBSerial5writeEPKhj
                0x08003590       0x48 .pio/build/genericSTM32F411CE/libFrameworkArduino.a(USBSerial.cpp.o)
                0x08003590                USBSerial::write(unsigned char const*, unsigned int)
 .text._ZN9USBSerial9availableEv
                0x080035d8        0xc .pio/build/genericSTM32F411CE/libFrameworkArduino.a(USBSerial.cpp.o)
                0x080035d8                USBSerial::available()
 .text._ZN9USBSerial4readEv
                0x080035e4       0x18 .pio/build/genericSTM32F411CE/libFrameworkArduino.a(USBSerial.cpp.o)
                0x080035e4                USBSerial::read()
 .text._ZN9USBSerial9readBytesEPcj
                0x080035fc       0x4c .pio/build/genericSTM32F411CE/libFrameworkArduino.a(USBSerial.cpp.o)
                0x080035fc                USBSerial::readBytes(char*, unsigned int)
 .text._ZN9USBSerial14readBytesUntilEcPcj
                0x08003648       0x68 .pio/build/genericSTM32F411CE/libFrameworkArduino.a(USBSerial.cpp.o)
                0x08003648                USBSerial::readBytesUntil(char, char*, unsigned int)
 .text._ZN9USBSerial4peekEv
                0x080036b0        0xc .pio/build/genericSTM32F411CE/libFrameworkArduino.a(USBSerial.cpp.o)
                0x080036b0                USBSerial::peek()
 .text._ZN9USBSerial5flushEv
                0x080036bc       0x14 .pio/build/genericSTM32F411CE/libFrameworkArduino.a(USBSerial.cpp.o)
                0x080036bc                USBSerial::flush()
 .text._ZN9USBSerial5beginEm
                0x080036d0        0x4 .pio/build/genericSTM32F411CE/libFrameworkArduino.a(USBSerial.cpp.o)
                0x080036d0                USBSerial::begin(unsigned long)
 .text._ZN9USBSerialcvbEv
                0x080036d4       0x14 .pio/build/genericSTM32F411CE/libFrameworkArduino.a(USBSerial.cpp.o)
                0x080036d4                USBSerial::operator bool()
 .text.startup._GLOBAL__sub_I_SerialUSB
                0x080036e8       0x1c .pio/build/genericSTM32F411CE/libFrameworkArduino.a(USBSerial.cpp.o)
 .text.startup._Z7premainv
                0x08003704       0x10 .pio/build/genericSTM32F411CE/libFrameworkArduino.a(main.cpp.o)
                0x08003704                premain()
 .text.startup.main
                0x08003714       0x14 .pio/build/genericSTM32F411CE/libFrameworkArduino.a(main.cpp.o)
                0x08003714                main
 .text.Reset_Handler
                0x08003728       0x50 .pio/build/genericSTM32F411CE/libFrameworkArduino.a(startup_stm32yyxx.S.o)
                0x08003728                Reset_Handler
 .text.Default_Handler
                0x08003778        0x2 .pio/build/genericSTM32F411CE/libFrameworkArduino.a(startup_stm32yyxx.S.o)
                0x08003778                RTC_Alarm_IRQHandler
                0x08003778                DebugMon_Handler
                0x08003778                SPI4_IRQHandler
                0x08003778                DMA2_Stream5_IRQHandler
                0x08003778                HardFault_Handler
                0x08003778                DMA1_Stream5_IRQHandler
                0x08003778                PVD_IRQHandler
                0x08003778                SDIO_IRQHandler
                0x08003778                TAMP_STAMP_IRQHandler
                0x08003778                PendSV_Handler
                0x08003778                NMI_Handler
                0x08003778                I2C3_ER_IRQHandler
                0x08003778                I2C2_EV_IRQHandler
                0x08003778                DMA1_Stream2_IRQHandler
                0x08003778                FPU_IRQHandler
                0x08003778                UsageFault_Handler
                0x08003778                DMA2_Stream2_IRQHandler
                0x08003778                SPI1_IRQHandler
                0x08003778                DMA2_Stream3_IRQHandler
                0x08003778                DMA2_Stream0_IRQHandler
                0x08003778                I2C1_EV_IRQHandler
                0x08003778                DMA1_Stream6_IRQHandler
                0x08003778                DMA1_Stream1_IRQHandler
                0x08003778                RCC_IRQHandler
                0x08003778                Default_Handler
                0x08003778                ADC_IRQHandler
                0x08003778                DMA1_Stream7_IRQHandler
                0x08003778                SPI5_IRQHandler
                0x08003778                DMA2_Stream7_IRQHandler
                0x08003778                I2C3_EV_IRQHandler
                0x08003778                RTC_WKUP_IRQHandler
                0x08003778                SPI2_IRQHandler
                0x08003778                MemManage_Handler
                0x08003778                DMA1_Stream0_IRQHandler
                0x08003778                SVC_Handler
                0x08003778                WWDG_IRQHandler
                0x08003778                I2C2_ER_IRQHandler
                0x08003778                DMA2_Stream1_IRQHandler
                0x08003778                FLASH_IRQHandler
                0x08003778                DMA2_Stream4_IRQHandler
                0x08003778                BusFault_Handler
                0x08003778                SPI3_IRQHandler
                0x08003778                DMA1_Stream4_IRQHandler
                0x08003778                I2C1_ER_IRQHandler
                0x08003778                DMA2_Stream6_IRQHandler
                0x08003778                DMA1_Stream3_IRQHandler
 .text.CDC_TransmitQueue_Init
                0x0800377a        0xc .pio/build/genericSTM32F411CE/libFrameworkArduino.a(cdc_queue.c.o)
                0x0800377a                CDC_TransmitQueue_Init
 .text.CDC_TransmitQueue_WriteSize
                0x08003786       0x20 .pio/build/genericSTM32F411CE/libFrameworkArduino.a(cdc_queue.c.o)
                0x08003786                CDC_TransmitQueue_WriteSize
 .text.CDC_TransmitQueue_ReadSize
                0x080037a6       0x22 .pio/build/genericSTM32F411CE/libFrameworkArduino.a(cdc_queue.c.o)
                0x080037a6                CDC_TransmitQueue_ReadSize
 .text.CDC_TransmitQueue_Enqueue
                0x080037c8       0x46 .pio/build/genericSTM32F411CE/libFrameworkArduino.a(cdc_queue.c.o)
                0x080037c8                CDC_TransmitQueue_Enqueue
 .text.CDC_TransmitQueue_ReadBlock
                0x0800380e       0x36 .pio/build/genericSTM32F411CE/libFrameworkArduino.a(cdc_queue.c.o)
                0x0800380e                CDC_TransmitQueue_ReadBlock
 .text.CDC_TransmitQueue_CommitRead
                0x08003844       0x14 .pio/build/genericSTM32F411CE/libFrameworkArduino.a(cdc_queue.c.o)
                0x08003844                CDC_TransmitQueue_CommitRead
 .text.CDC_ReceiveQueue_Init
                0x08003858       0x12 .pio/build/genericSTM32F411CE/libFrameworkArduino.a(cdc_queue.c.o)
                0x08003858                CDC_ReceiveQueue_Init
 .text.CDC_ReceiveQueue_ReserveBlock
                0x0800386a       0x74 .pio/build/genericSTM32F411CE/libFrameworkArduino.a(cdc_queue.c.o)
                0x0800386a                CDC_ReceiveQueue_ReserveBlock
 .text.CDC_ReceiveQueue_CommitBlock
                0x080038de       0x36 .pio/build/genericSTM32F411CE/libFrameworkArduino.a(cdc_queue.c.o)
                0x080038de                CDC_ReceiveQueue_CommitBlock
 .text.CDC_ReceiveQueue_ReadSize
                0x08003914       0x50 .pio/build/genericSTM32F411CE/libFrameworkArduino.a(cdc_queue.c.o)
                0x08003914                CDC_ReceiveQueue_ReadSize
 .text.CDC_ReceiveQueue_Dequeue
                0x08003964       0x6e .pio/build/genericSTM32F411CE/libFrameworkArduino.a(cdc_queue.c.o)
                0x08003964                CDC_ReceiveQueue_Dequeue
 .text.CDC_ReceiveQueue_Peek
                0x080039d2       0x4c .pio/build/genericSTM32F411CE/libFrameworkArduino.a(cdc_queue.c.o)
                0x080039d2                CDC_ReceiveQueue_Peek
 .text.CDC_ReceiveQueue_Read
                0x08003a1e       0x90 .pio/build/genericSTM32F411CE/libFrameworkArduino.a(cdc_queue.c.o)
                0x08003a1e                CDC_ReceiveQueue_Read
 .text.CDC_ReceiveQueue_ReadUntil
                0x08003aae       0xd0 .pio/build/genericSTM32F411CE/libFrameworkArduino.a(cdc_queue.c.o)
                0x08003aae                CDC_ReceiveQueue_ReadUntil
 .text.USBD_CDC_DeInit
                0x08003b7e        0x4 .pio/build/genericSTM32F411CE/libFrameworkArduino.a(usbd_cdc_if.c.o)
 *fill*         0x08003b82        0x2 
 .text.USBD_CDC_Control
                0x08003b84       0x84 .pio/build/genericSTM32F411CE/libFrameworkArduino.a(usbd_cdc_if.c.o)
 .text.USBD_CDC_Init
                0x08003c08       0x38 .pio/build/genericSTM32F411CE/libFrameworkArduino.a(usbd_cdc_if.c.o)
 .text.CDC_init
                0x08003c40       0x48 .pio/build/genericSTM32F411CE/libFrameworkArduino.a(usbd_cdc_if.c.o)
                0x08003c40                CDC_init
 .text.CDC_connected
                0x08003c88       0x40 .pio/build/genericSTM32F411CE/libFrameworkArduino.a(usbd_cdc_if.c.o)
                0x08003c88                CDC_connected
 .text.CDC_continue_transmit
                0x08003cc8       0x4c .pio/build/genericSTM32F411CE/libFrameworkArduino.a(usbd_cdc_if.c.o)
                0x08003cc8                CDC_continue_transmit
 .text.USBD_CDC_TransmitCplt
                0x08003d14       0x20 .pio/build/genericSTM32F411CE/libFrameworkArduino.a(usbd_cdc_if.c.o)
 .text.CDC_resume_receive
                0x08003d34       0x38 .pio/build/genericSTM32F411CE/libFrameworkArduino.a(usbd_cdc_if.c.o)
                0x08003d34                CDC_resume_receive
 .text.USBD_CDC_Receive
                0x08003d6c       0x2c .pio/build/genericSTM32F411CE/libFrameworkArduino.a(usbd_cdc_if.c.o)
 .text.USBD_Init
                0x08003d98       0x26 .pio/build/genericSTM32F411CE/libFrameworkArduino.a(usb_device_core.c.o)
                0x08003d98                USBD_Init
 .text.USBD_RegisterClass
                0x08003dbe       0x32 .pio/build/genericSTM32F411CE/libFrameworkArduino.a(usb_device_core.c.o)
                0x08003dbe                USBD_RegisterClass
 .text.USBD_Start
                0x08003df0        0x4 .pio/build/genericSTM32F411CE/libFrameworkArduino.a(usb_device_core.c.o)
                0x08003df0                USBD_Start
 .text.USBD_SetClassConfig
                0x08003df4        0xe .pio/build/genericSTM32F411CE/libFrameworkArduino.a(usb_device_core.c.o)
                0x08003df4                USBD_SetClassConfig
 .text.USBD_ClrClassConfig
                0x08003e02       0x12 .pio/build/genericSTM32F411CE/libFrameworkArduino.a(usb_device_core.c.o)
                0x08003e02                USBD_ClrClassConfig
 .text.USBD_LL_SetupStage
                0x08003e14       0x60 .pio/build/genericSTM32F411CE/libFrameworkArduino.a(usb_device_core.c.o)
                0x08003e14                USBD_LL_SetupStage
 .text.USBD_LL_DataOutStage
                0x08003e74       0x6a .pio/build/genericSTM32F411CE/libFrameworkArduino.a(usb_device_core.c.o)
                0x08003e74                USBD_LL_DataOutStage
 .text.USBD_LL_DataInStage
                0x08003ede       0xa6 .pio/build/genericSTM32F411CE/libFrameworkArduino.a(usb_device_core.c.o)
                0x08003ede                USBD_LL_DataInStage
 .text.USBD_LL_Reset
                0x08003f84       0x5e .pio/build/genericSTM32F411CE/libFrameworkArduino.a(usb_device_core.c.o)
                0x08003f84                USBD_LL_Reset
 .text.USBD_LL_SetSpeed
                0x08003fe2        0x6 .pio/build/genericSTM32F411CE/libFrameworkArduino.a(usb_device_core.c.o)
                0x08003fe2                USBD_LL_SetSpeed
 .text.USBD_LL_Suspend
                0x08003fe8       0x1c .pio/build/genericSTM32F411CE/libFrameworkArduino.a(usb_device_core.c.o)
                0x08003fe8                USBD_LL_Suspend
 .text.USBD_LL_Resume
                0x08004004       0x16 .pio/build/genericSTM32F411CE/libFrameworkArduino.a(usb_device_core.c.o)
                0x08004004                USBD_LL_Resume
 .text.USBD_LL_SOF
                0x0800401a       0x1a .pio/build/genericSTM32F411CE/libFrameworkArduino.a(usb_device_core.c.o)
                0x0800401a                USBD_LL_SOF
 .text.USBD_LL_IsoINIncomplete
                0x08004034       0x26 .pio/build/genericSTM32F411CE/libFrameworkArduino.a(usb_device_core.c.o)
                0x08004034                USBD_LL_IsoINIncomplete
 .text.USBD_LL_IsoOUTIncomplete
                0x0800405a       0x26 .pio/build/genericSTM32F411CE/libFrameworkArduino.a(usb_device_core.c.o)
                0x0800405a                USBD_LL_IsoOUTIncomplete
 .text.USBD_LL_DevConnected
                0x08004080        0x4 .pio/build/genericSTM32F411CE/libFrameworkArduino.a(usb_device_core.c.o)
                0x08004080                USBD_LL_DevConnected
 .text.USBD_LL_DevDisconnected
                0x08004084       0x20 .pio/build/genericSTM32F411CE/libFrameworkArduino.a(usb_device_core.c.o)
                0x08004084                USBD_LL_DevDisconnected
 .text.USBD_CoreFindIF
                0x080040a4        0x4 .pio/build/genericSTM32F411CE/libFrameworkArduino.a(usb_device_core.c.o)
                0x080040a4                USBD_CoreFindIF
 .text.USBD_CoreFindEP
                0x080040a8        0x4 .pio/build/genericSTM32F411CE/libFrameworkArduino.a(usb_device_core.c.o)
                0x080040a8                USBD_CoreFindEP
 .text.USBD_GetEpDesc
                0x080040ac       0x24 .pio/build/genericSTM32F411CE/libFrameworkArduino.a(usb_device_core.c.o)
                0x080040ac                USBD_GetEpDesc
 .text.USBD_CtlError.constprop.0
                0x080040d0       0x16 .pio/build/genericSTM32F411CE/libFrameworkArduino.a(usb_device_ctlreq.c.o)
 *fill*         0x080040e6        0x2 
 .text.USBD_StdDevReq
                0x080040e8      0x288 .pio/build/genericSTM32F411CE/libFrameworkArduino.a(usb_device_ctlreq.c.o)
                0x080040e8                USBD_StdDevReq
 .text.USBD_StdItfReq
                0x08004370       0x5a .pio/build/genericSTM32F411CE/libFrameworkArduino.a(usb_device_ctlreq.c.o)
                0x08004370                USBD_StdItfReq
 .text.USBD_StdEPReq
                0x080043ca      0x13a .pio/build/genericSTM32F411CE/libFrameworkArduino.a(usb_device_ctlreq.c.o)
                0x080043ca                USBD_StdEPReq
 .text.USBD_ParseSetupRequest
                0x08004504       0x16 .pio/build/genericSTM32F411CE/libFrameworkArduino.a(usb_device_ctlreq.c.o)
                0x08004504                USBD_ParseSetupRequest
 .text.USBD_CtlError
                0x0800451a       0x16 .pio/build/genericSTM32F411CE/libFrameworkArduino.a(usb_device_ctlreq.c.o)
                0x0800451a                USBD_CtlError
 .text.USBD_GetString
                0x08004530       0x38 .pio/build/genericSTM32F411CE/libFrameworkArduino.a(usb_device_ctlreq.c.o)
                0x08004530                USBD_GetString
 .text.USBD_CtlSendData
                0x08004568       0x1a .pio/build/genericSTM32F411CE/libFrameworkArduino.a(usb_device_ioreq.c.o)
                0x08004568                USBD_CtlSendData
 .text.USBD_CtlContinueSendData
                0x08004582       0x10 .pio/build/genericSTM32F411CE/libFrameworkArduino.a(usb_device_ioreq.c.o)
                0x08004582                USBD_CtlContinueSendData
 .text.USBD_CtlPrepareRx
                0x08004592       0x1a .pio/build/genericSTM32F411CE/libFrameworkArduino.a(usb_device_ioreq.c.o)
                0x08004592                USBD_CtlPrepareRx
 .text.USBD_CtlContinueRx
                0x080045ac       0x10 .pio/build/genericSTM32F411CE/libFrameworkArduino.a(usb_device_ioreq.c.o)
                0x080045ac                USBD_CtlContinueRx
 .text.USBD_CtlSendStatus
                0x080045bc       0x16 .pio/build/genericSTM32F411CE/libFrameworkArduino.a(usb_device_ioreq.c.o)
                0x080045bc                USBD_CtlSendStatus
 .text.USBD_CtlReceiveStatus
                0x080045d2       0x16 .pio/build/genericSTM32F411CE/libFrameworkArduino.a(usb_device_ioreq.c.o)
                0x080045d2                USBD_CtlReceiveStatus
 .text.HAL_PCD_MspInit
                0x080045e8       0x98 .pio/build/genericSTM32F411CE/libFrameworkArduino.a(usbd_conf.c.o)
                0x080045e8                HAL_PCD_MspInit
 .text.HAL_PCD_SetupStageCallback
                0x08004680        0xc .pio/build/genericSTM32F411CE/libFrameworkArduino.a(usbd_conf.c.o)
                0x08004680                HAL_PCD_SetupStageCallback
 .text.HAL_PCD_DataOutStageCallback
                0x0800468c       0x12 .pio/build/genericSTM32F411CE/libFrameworkArduino.a(usbd_conf.c.o)
                0x0800468c                HAL_PCD_DataOutStageCallback
 .text.HAL_PCD_DataInStageCallback
                0x0800469e       0x10 .pio/build/genericSTM32F411CE/libFrameworkArduino.a(usbd_conf.c.o)
                0x0800469e                HAL_PCD_DataInStageCallback
 .text.HAL_PCD_SOFCallback
                0x080046ae        0x8 .pio/build/genericSTM32F411CE/libFrameworkArduino.a(usbd_conf.c.o)
                0x080046ae                HAL_PCD_SOFCallback
 .text.HAL_PCD_ResetCallback
                0x080046b6       0x1a .pio/build/genericSTM32F411CE/libFrameworkArduino.a(usbd_conf.c.o)
                0x080046b6                HAL_PCD_ResetCallback
 .text.HAL_PCD_SuspendCallback
                0x080046d0       0x30 .pio/build/genericSTM32F411CE/libFrameworkArduino.a(usbd_conf.c.o)
                0x080046d0                HAL_PCD_SuspendCallback
 .text.HAL_PCD_ResumeCallback
                0x08004700       0x34 .pio/build/genericSTM32F411CE/libFrameworkArduino.a(usbd_conf.c.o)
                0x08004700                HAL_PCD_ResumeCallback
 .text.HAL_PCD_ISOOUTIncompleteCallback
                0x08004734        0x8 .pio/build/genericSTM32F411CE/libFrameworkArduino.a(usbd_conf.c.o)
                0x08004734                HAL_PCD_ISOOUTIncompleteCallback
 .text.HAL_PCD_ISOINIncompleteCallback
                0x0800473c        0x8 .pio/build/genericSTM32F411CE/libFrameworkArduino.a(usbd_conf.c.o)
                0x0800473c                HAL_PCD_ISOINIncompleteCallback
 .text.HAL_PCD_ConnectCallback
                0x08004744        0x8 .pio/build/genericSTM32F411CE/libFrameworkArduino.a(usbd_conf.c.o)
                0x08004744                HAL_PCD_ConnectCallback
 .text.HAL_PCD_DisconnectCallback
                0x0800474c        0x8 .pio/build/genericSTM32F411CE/libFrameworkArduino.a(usbd_conf.c.o)
                0x0800474c                HAL_PCD_DisconnectCallback
 .text.OTG_FS_IRQHandler
                0x08004754        0xc .pio/build/genericSTM32F411CE/libFrameworkArduino.a(usbd_conf.c.o)
                0x08004754                OTG_FS_IRQHandler
 .text.OTG_FS_WKUP_IRQHandler
                0x08004760       0x3c .pio/build/genericSTM32F411CE/libFrameworkArduino.a(usbd_conf.c.o)
                0x08004760                OTG_FS_WKUP_IRQHandler
 .text.USBD_LL_Init
                0x0800479c       0x64 .pio/build/genericSTM32F411CE/libFrameworkArduino.a(usbd_conf.c.o)
                0x0800479c                USBD_LL_Init
 .text.USBD_LL_Start
                0x08004800        0xe .pio/build/genericSTM32F411CE/libFrameworkArduino.a(usbd_conf.c.o)
                0x08004800                USBD_LL_Start
 .text.USBD_LL_OpenEP
                0x0800480e       0x14 .pio/build/genericSTM32F411CE/libFrameworkArduino.a(usbd_conf.c.o)
                0x0800480e                USBD_LL_OpenEP
 .text.USBD_LL_CloseEP
                0x08004822        0xe .pio/build/genericSTM32F411CE/libFrameworkArduino.a(usbd_conf.c.o)
                0x08004822                USBD_LL_CloseEP
 .text.USBD_LL_StallEP
                0x08004830        0xe .pio/build/genericSTM32F411CE/libFrameworkArduino.a(usbd_conf.c.o)
                0x08004830                USBD_LL_StallEP
 .text.USBD_LL_ClearStallEP
                0x0800483e        0xe .pio/build/genericSTM32F411CE/libFrameworkArduino.a(usbd_conf.c.o)
                0x0800483e                USBD_LL_ClearStallEP
 .text.USBD_LL_IsStallEP
                0x0800484c       0x24 .pio/build/genericSTM32F411CE/libFrameworkArduino.a(usbd_conf.c.o)
                0x0800484c                USBD_LL_IsStallEP
 .text.USBD_LL_SetUSBAddress
                0x08004870        0xe .pio/build/genericSTM32F411CE/libFrameworkArduino.a(usbd_conf.c.o)
                0x08004870                USBD_LL_SetUSBAddress
 .text.USBD_LL_Transmit
                0x0800487e        0xe .pio/build/genericSTM32F411CE/libFrameworkArduino.a(usbd_conf.c.o)
                0x0800487e                USBD_LL_Transmit
 .text.USBD_LL_PrepareReceive
                0x0800488c        0xe .pio/build/genericSTM32F411CE/libFrameworkArduino.a(usbd_conf.c.o)
                0x0800488c                USBD_LL_PrepareReceive
 .text.USBD_LL_GetRxDataSize
                0x0800489a        0x8 .pio/build/genericSTM32F411CE/libFrameworkArduino.a(usbd_conf.c.o)
                0x0800489a                USBD_LL_GetRxDataSize
 *fill*         0x080048a2        0x2 
 .text.USBD_Class_DeviceDescriptor
                0x080048a4        0xc .pio/build/genericSTM32F411CE/libFrameworkArduino.a(usbd_desc.c.o)
                0x080048a4                USBD_Class_DeviceDescriptor
 .text.USBD_LangIDStrDescriptor
                0x080048b0        0xc .pio/build/genericSTM32F411CE/libFrameworkArduino.a(usbd_desc.c.o)
                0x080048b0                USBD_LangIDStrDescriptor
 .text.USBD_Class_UserStrDescriptor
                0x080048bc        0x8 .pio/build/genericSTM32F411CE/libFrameworkArduino.a(usbd_desc.c.o)
                0x080048bc                USBD_Class_UserStrDescriptor
 .text.IntToUnicode
                0x080048c4       0x2a .pio/build/genericSTM32F411CE/libFrameworkArduino.a(usbd_desc.c.o)
 *fill*         0x080048ee        0x2 
 .text.USBD_SerialStrDescriptor
                0x080048f0       0x3c .pio/build/genericSTM32F411CE/libFrameworkArduino.a(usbd_desc.c.o)
                0x080048f0                USBD_SerialStrDescriptor
 .text.USBD_ManufacturerStrDescriptor
                0x0800492c       0x1c .pio/build/genericSTM32F411CE/libFrameworkArduino.a(usbd_desc.c.o)
                0x0800492c                USBD_ManufacturerStrDescriptor
 .text.USBD_Class_ProductStrDescriptor
                0x08004948       0x24 .pio/build/genericSTM32F411CE/libFrameworkArduino.a(usbd_desc.c.o)
                0x08004948                USBD_Class_ProductStrDescriptor
 .text.USBD_Class_ConfigStrDescriptor
                0x0800496c       0x1c .pio/build/genericSTM32F411CE/libFrameworkArduino.a(usbd_desc.c.o)
                0x0800496c                USBD_Class_ConfigStrDescriptor
 .text.USBD_Class_InterfaceStrDescriptor
                0x08004988       0x1c .pio/build/genericSTM32F411CE/libFrameworkArduino.a(usbd_desc.c.o)
                0x08004988                USBD_Class_InterfaceStrDescriptor
 .text.USBD_reenumerate
                0x080049a4       0x1c .pio/build/genericSTM32F411CE/libFrameworkArduino.a(usbd_if.c.o)
                0x080049a4                USBD_reenumerate
 .text.USBD_CDC_init
                0x080049c0        0x4 .pio/build/genericSTM32F411CE/libFrameworkArduino.a(usbd_if.c.o)
                0x080049c0                USBD_CDC_init
 .text.USBD_SystemClockConfigFromResume
                0x080049c4        0xe .pio/build/genericSTM32F411CE/libFrameworkArduino.a(usbd_if.c.o)
                0x080049c4                USBD_SystemClockConfigFromResume
 *fill*         0x080049d2        0x2 
 .text.pinMode  0x080049d4       0xbc .pio/build/genericSTM32F411CE/libFrameworkArduino.a(wiring_digital.c.o)
                0x080049d4                pinMode
 .text.digitalWrite
                0x08004a90       0x70 .pio/build/genericSTM32F411CE/libFrameworkArduino.a(wiring_digital.c.o)
                0x08004a90                digitalWrite
 .text.digitalRead
                0x08004b00       0x68 .pio/build/genericSTM32F411CE/libFrameworkArduino.a(wiring_digital.c.o)
                0x08004b00                digitalRead
 .text.millis   0x08004b68        0x4 .pio/build/genericSTM32F411CE/libFrameworkArduino.a(wiring_time.c.o)
                0x08004b68                millis
 .text.delay    0x08004b6c       0x1c .pio/build/genericSTM32F411CE/libFrameworkArduino.a(wiring_time.c.o)
                0x08004b6c                delay
 .text._Z14serialEventRunv
                0x08004b88       0x34 .pio/build/genericSTM32F411CE/libFrameworkArduino.a(WSerial.cpp.o)
                0x08004b88                serialEventRun()
 .text.init     0x08004bbc        0x4 .pio/build/genericSTM32F411CE/libFrameworkArduino.a(board.c.o)
                0x08004bbc                init
 .text.__empty  0x08004bc0        0x2 .pio/build/genericSTM32F411CE/libFrameworkArduino.a(hooks.c.o)
                0x08004bc0                yield
 .text.USBD_CDC_EP0_RxReady
                0x08004bc2       0x38 .pio/build/genericSTM32F411CE/libFrameworkArduino.a(usbd_cdc.c.o)
 *fill*         0x08004bfa        0x2 
 .text.USBD_CDC_GetDeviceQualifierDescriptor
                0x08004bfc        0xc .pio/build/genericSTM32F411CE/libFrameworkArduino.a(usbd_cdc.c.o)
                0x08004bfc                USBD_CDC_GetDeviceQualifierDescriptor
 .text.USBD_CDC_GetOtherSpeedCfgDesc
                0x08004c08       0x48 .pio/build/genericSTM32F411CE/libFrameworkArduino.a(usbd_cdc.c.o)
 .text.USBD_CDC_GetFSCfgDesc
                0x08004c50       0x48 .pio/build/genericSTM32F411CE/libFrameworkArduino.a(usbd_cdc.c.o)
 .text.USBD_CDC_GetHSCfgDesc
                0x08004c98       0x48 .pio/build/genericSTM32F411CE/libFrameworkArduino.a(usbd_cdc.c.o)
 .text.USBD_CDC_DataOut
                0x08004ce0       0x38 .pio/build/genericSTM32F411CE/libFrameworkArduino.a(usbd_cdc.c.o)
 .text.USBD_CDC_DataIn
                0x08004d18       0x64 .pio/build/genericSTM32F411CE/libFrameworkArduino.a(usbd_cdc.c.o)
 .text.USBD_CDC_Setup
                0x08004d7c       0xf0 .pio/build/genericSTM32F411CE/libFrameworkArduino.a(usbd_cdc.c.o)
 .text.USBD_CDC_DeInit
                0x08004e6c       0x4e .pio/build/genericSTM32F411CE/libFrameworkArduino.a(usbd_cdc.c.o)
 *fill*         0x08004eba        0x2 
 .text.USBD_CDC_Init
                0x08004ebc       0xbc .pio/build/genericSTM32F411CE/libFrameworkArduino.a(usbd_cdc.c.o)
 .text.USBD_CDC_RegisterInterface
                0x08004f78       0x16 .pio/build/genericSTM32F411CE/libFrameworkArduino.a(usbd_cdc.c.o)
                0x08004f78                USBD_CDC_RegisterInterface
 .text.USBD_CDC_SetTxBuffer
                0x08004f8e       0x1c .pio/build/genericSTM32F411CE/libFrameworkArduino.a(usbd_cdc.c.o)
                0x08004f8e                USBD_CDC_SetTxBuffer
 .text.USBD_CDC_SetRxBuffer
                0x08004faa       0x18 .pio/build/genericSTM32F411CE/libFrameworkArduino.a(usbd_cdc.c.o)
                0x08004faa                USBD_CDC_SetRxBuffer
 .text.USBD_CDC_TransmitPacket
                0x08004fc2       0x36 .pio/build/genericSTM32F411CE/libFrameworkArduino.a(usbd_cdc.c.o)
                0x08004fc2                USBD_CDC_TransmitPacket
 .text.USBD_CDC_ReceivePacket
                0x08004ff8       0x2c .pio/build/genericSTM32F411CE/libFrameworkArduino.a(usbd_cdc.c.o)
                0x08004ff8                USBD_CDC_ReceivePacket
 .text.USBD_CDC_ClearBuffer
                0x08005024       0x20 .pio/build/genericSTM32F411CE/libFrameworkArduino.a(usbd_cdc.c.o)
                0x08005024                USBD_CDC_ClearBuffer
 .text._ZN5Print5flushEv
                0x08005044        0x2 .pio/build/genericSTM32F411CE/libFrameworkArduino.a(HardwareSerial.cpp.o)
                0x08005044                Print::flush()
 .text._ZN14HardwareSerial9availableEv
                0x08005046       0x10 .pio/build/genericSTM32F411CE/libFrameworkArduino.a(HardwareSerial.cpp.o)
                0x08005046                HardwareSerial::available()
 .text._ZN14HardwareSerial4peekEv
                0x08005056       0x1a .pio/build/genericSTM32F411CE/libFrameworkArduino.a(HardwareSerial.cpp.o)
                0x08005056                HardwareSerial::peek()
 .text._ZN14HardwareSerial17availableForWriteEv
                0x08005070       0x1c .pio/build/genericSTM32F411CE/libFrameworkArduino.a(HardwareSerial.cpp.o)
                0x08005070                HardwareSerial::availableForWrite()
 .text._ZN14HardwareSerial5writeEh
                0x0800508c       0x18 .pio/build/genericSTM32F411CE/libFrameworkArduino.a(HardwareSerial.cpp.o)
                0x0800508c                HardwareSerial::write(unsigned char)
 .text._ZN14HardwareSerial16_tx_complete_irqEP8serial_s
                0x080050a4       0x60 .pio/build/genericSTM32F411CE/libFrameworkArduino.a(HardwareSerial.cpp.o)
                0x080050a4                HardwareSerial::_tx_complete_irq(serial_s*)
 .text._ZN14HardwareSerial5writeEPKhj
                0x08005104       0xe4 .pio/build/genericSTM32F411CE/libFrameworkArduino.a(HardwareSerial.cpp.o)
                0x08005104                HardwareSerial::write(unsigned char const*, unsigned int)
 .text._ZN14HardwareSerial5flushEm
                0x080051e8       0x36 .pio/build/genericSTM32F411CE/libFrameworkArduino.a(HardwareSerial.cpp.o)
                0x080051e8                HardwareSerial::flush(unsigned long)
 .text._ZN14HardwareSerial4initE7PinNameS0_S0_S0_
                0x0800521e       0x32 .pio/build/genericSTM32F411CE/libFrameworkArduino.a(HardwareSerial.cpp.o)
                0x0800521e                HardwareSerial::init(PinName, PinName, PinName, PinName)
 .text._ZN14HardwareSerial5setRxEm
                0x08005250       0x48 .pio/build/genericSTM32F411CE/libFrameworkArduino.a(HardwareSerial.cpp.o)
                0x08005250                HardwareSerial::setRx(unsigned long)
 .text._ZN14HardwareSerial5setTxEm
                0x08005298       0x48 .pio/build/genericSTM32F411CE/libFrameworkArduino.a(HardwareSerial.cpp.o)
                0x08005298                HardwareSerial::setTx(unsigned long)
 .text._ZN14HardwareSerialC2EPv16HalfDuplexMode_t
                0x080052e0       0x90 .pio/build/genericSTM32F411CE/libFrameworkArduino.a(HardwareSerial.cpp.o)
                0x080052e0                HardwareSerial::HardwareSerial(void*, HalfDuplexMode_t)
                0x080052e0                HardwareSerial::HardwareSerial(void*, HalfDuplexMode_t)
 .text._ZN14HardwareSerial18enableHalfDuplexRxEv
                0x08005370       0x2e .pio/build/genericSTM32F411CE/libFrameworkArduino.a(HardwareSerial.cpp.o)
                0x08005370                HardwareSerial::enableHalfDuplexRx()
 .text._ZN14HardwareSerial4readEv
                0x0800539e       0x2e .pio/build/genericSTM32F411CE/libFrameworkArduino.a(HardwareSerial.cpp.o)
                0x0800539e                HardwareSerial::read()
 .text.startup._GLOBAL__sub_I_Serial2
                0x080053cc       0x14 .pio/build/genericSTM32F411CE/libFrameworkArduino.a(HardwareSerial.cpp.o)
 .text._ZN6Stream9timedReadEv
                0x080053e0       0x2a .pio/build/genericSTM32F411CE/libFrameworkArduino.a(Stream.cpp.o)
                0x080053e0                Stream::timedRead()
 .text._ZN6Stream9readBytesEPcj
                0x0800540a       0x22 .pio/build/genericSTM32F411CE/libFrameworkArduino.a(Stream.cpp.o)
                0x0800540a                Stream::readBytes(char*, unsigned int)
 .text._ZN6Stream14readBytesUntilEcPcj
                0x0800542c       0x30 .pio/build/genericSTM32F411CE/libFrameworkArduino.a(Stream.cpp.o)
                0x0800542c                Stream::readBytesUntil(char, char*, unsigned int)
 .text.__udivmoddi4
                0x0800545c      0x2bc /home/bry/.platformio/packages/toolchain-gccarmnoneeabi/bin/../lib/gcc/arm-none-eabi/12.3.1/thumb/v7e-m+fp/hard/libgcc.a(_udivmoddi4.o)
                0x0800545c                __udivmoddi4
 .text.unlikely._ZSt25__throw_bad_function_callv
                0x08005718        0x6 /home/bry/.platformio/packages/toolchain-gccarmnoneeabi/bin/../lib/gcc/arm-none-eabi/12.3.1/../../../../arm-none-eabi/lib/thumb/v7e-m+fp/hard/libstdc++_nano.a(functional.o)
                0x08005718                std::__throw_bad_function_call()
 .text.abort    0x0800571e        0xe /home/bry/.platformio/packages/toolchain-gccarmnoneeabi/bin/../lib/gcc/arm-none-eabi/12.3.1/../../../../arm-none-eabi/lib/thumb/v7e-m+fp/hard/libc_nano.a(libc_a-abort.o)
                0x0800571e                abort
 .text.malloc   0x0800572c       0x10 /home/bry/.platformio/packages/toolchain-gccarmnoneeabi/bin/../lib/gcc/arm-none-eabi/12.3.1/../../../../arm-none-eabi/lib/thumb/v7e-m+fp/hard/libc_nano.a(libc_a-malloc.o)
                0x0800572c                malloc
 .text.free     0x0800573c       0x10 /home/bry/.platformio/packages/toolchain-gccarmnoneeabi/bin/../lib/gcc/arm-none-eabi/12.3.1/../../../../arm-none-eabi/lib/thumb/v7e-m+fp/hard/libc_nano.a(libc_a-malloc.o)
                0x0800573c                free
 .text.sbrk_aligned
                0x0800574c       0x44 /home/bry/.platformio/packages/toolchain-gccarmnoneeabi/bin/../lib/gcc/arm-none-eabi/12.3.1/../../../../arm-none-eabi/lib/thumb/v7e-m+fp/hard/libc_nano.a(libc_a-mallocr.o)
 .text._malloc_r
                0x08005790      0x100 /home/bry/.platformio/packages/toolchain-gccarmnoneeabi/bin/../lib/gcc/arm-none-eabi/12.3.1/../../../../arm-none-eabi/lib/thumb/v7e-m+fp/hard/libc_nano.a(libc_a-mallocr.o)
                0x08005790                _malloc_r
 .text.__malloc_lock
                0x08005890        0xc /home/bry/.platformio/packages/toolchain-gccarmnoneeabi/bin/../lib/gcc/arm-none-eabi/12.3.1/../../../../arm-none-eabi/lib/thumb/v7e-m+fp/hard/libc_nano.a(libc_a-mlock.o)
                0x08005890                __malloc_lock
 .text.__malloc_unlock
                0x0800589c        0xc /home/bry/.platformio/packages/toolchain-gccarmnoneeabi/bin/../lib/gcc/arm-none-eabi/12.3.1/../../../../arm-none-eabi/lib/thumb/v7e-m+fp/hard/libc_nano.a(libc_a-mlock.o)
                0x0800589c                __malloc_unlock
 .text.memset   0x080058a8       0x10 /home/bry/.platformio/packages/toolchain-gccarmnoneeabi/bin/../lib/gcc/arm-none-eabi/12.3.1/../../../../arm-none-eabi/lib/thumb/v7e-m+fp/hard/libc_nano.a(libc_a-memset.o)
                0x080058a8                memset
 .text._raise_r
                0x080058b8       0x50 /home/bry/.platformio/packages/toolchain-gccarmnoneeabi/bin/../lib/gcc/arm-none-eabi/12.3.1/../../../../arm-none-eabi/lib/thumb/v7e-m+fp/hard/libc_nano.a(libc_a-signal.o)
                0x080058b8                _raise_r
 .text.raise    0x08005908       0x10 /home/bry/.platformio/packages/toolchain-gccarmnoneeabi/bin/../lib/gcc/arm-none-eabi/12.3.1/../../../../arm-none-eabi/lib/thumb/v7e-m+fp/hard/libc_nano.a(libc_a-signal.o)
                0x08005908                raise
 .text._kill_r  0x08005918       0x24 /home/bry/.platformio/packages/toolchain-gccarmnoneeabi/bin/../lib/gcc/arm-none-eabi/12.3.1/../../../../arm-none-eabi/lib/thumb/v7e-m+fp/hard/libc_nano.a(libc_a-signalr.o)
                0x08005918                _kill_r
 .text._getpid_r
                0x0800593c        0x4 /home/bry/.platformio/packages/toolchain-gccarmnoneeabi/bin/../lib/gcc/arm-none-eabi/12.3.1/../../../../arm-none-eabi/lib/thumb/v7e-m+fp/hard/libc_nano.a(libc_a-signalr.o)
                0x0800593c                _getpid_r
 .text._sbrk_r  0x08005940       0x20 /home/bry/.platformio/packages/toolchain-gccarmnoneeabi/bin/../lib/gcc/arm-none-eabi/12.3.1/../../../../arm-none-eabi/lib/thumb/v7e-m+fp/hard/libc_nano.a(libc_a-sbrkr.o)
                0x08005940                _sbrk_r
 .text.__libc_init_array
                0x08005960       0x48 /home/bry/.platformio/packages/toolchain-gccarmnoneeabi/bin/../lib/gcc/arm-none-eabi/12.3.1/../../../../arm-none-eabi/lib/thumb/v7e-m+fp/hard/libc_nano.a(libc_a-init.o)
                0x08005960                __libc_init_array
 .text.__retarget_lock_acquire_recursive
                0x080059a8        0x2 /home/bry/.platformio/packages/toolchain-gccarmnoneeabi/bin/../lib/gcc/arm-none-eabi/12.3.1/../../../../arm-none-eabi/lib/thumb/v7e-m+fp/hard/libc_nano.a(libc_a-lock.o)
                0x080059a8                __retarget_lock_acquire_recursive
 .text.__retarget_lock_release_recursive
                0x080059aa        0x2 /home/bry/.platformio/packages/toolchain-gccarmnoneeabi/bin/../lib/gcc/arm-none-eabi/12.3.1/../../../../arm-none-eabi/lib/thumb/v7e-m+fp/hard/libc_nano.a(libc_a-lock.o)
                0x080059aa                __retarget_lock_release_recursive
 .text.memcpy   0x080059ac       0x1c /home/bry/.platformio/packages/toolchain-gccarmnoneeabi/bin/../lib/gcc/arm-none-eabi/12.3.1/../../../../arm-none-eabi/lib/thumb/v7e-m+fp/hard/libc_nano.a(libc_a-memcpy-stub.o)
                0x080059ac                memcpy
 .text._free_r  0x080059c8       0x94 /home/bry/.platformio/packages/toolchain-gccarmnoneeabi/bin/../lib/gcc/arm-none-eabi/12.3.1/../../../../arm-none-eabi/lib/thumb/v7e-m+fp/hard/libc_nano.a(libc_a-freer.o)
                0x080059c8                _free_r
 *(.glue_7)
 .glue_7        0x08005a5c        0x0 linker stubs
 *(.glue_7t)
 .glue_7t       0x08005a5c        0x0 linker stubs
 *(.eh_frame)
 .eh_frame      0x08005a5c        0x0 /home/bry/.platformio/packages/toolchain-gccarmnoneeabi/bin/../lib/gcc/arm-none-eabi/12.3.1/thumb/v7e-m+fp/hard/crtbegin.o
 *(.init)
 .init          0x08005a5c        0x4 /home/bry/.platformio/packages/toolchain-gccarmnoneeabi/bin/../lib/gcc/arm-none-eabi/12.3.1/thumb/v7e-m+fp/hard/crti.o
                0x08005a5c                _init
 .init          0x08005a60        0x8 /home/bry/.platformio/packages/toolchain-gccarmnoneeabi/bin/../lib/gcc/arm-none-eabi/12.3.1/thumb/v7e-m+fp/hard/crtn.o
 *(.fini)
 .fini          0x08005a68        0x4 /home/bry/.platformio/packages/toolchain-gccarmnoneeabi/bin/../lib/gcc/arm-none-eabi/12.3.1/thumb/v7e-m+fp/hard/crti.o
                0x08005a68                _fini
 .fini          0x08005a6c        0x8 /home/bry/.platformio/packages/toolchain-gccarmnoneeabi/bin/../lib/gcc/arm-none-eabi/12.3.1/thumb/v7e-m+fp/hard/crtn.o
                0x08005a74                        . = ALIGN (0x4)
                0x08005a74                        _etext = .

.vfp11_veneer   0x08005a74        0x0
 .vfp11_veneer  0x08005a74        0x0 linker stubs

.v4_bx          0x08005a74        0x0
 .v4_bx         0x08005a74        0x0 linker stubs

.iplt           0x08005a74        0x0
 .iplt          0x08005a74        0x0 /home/bry/.platformio/packages/toolchain-gccarmnoneeabi/bin/../lib/gcc/arm-none-eabi/12.3.1/thumb/v7e-m+fp/hard/crtbegin.o

.rodata         0x08005a74      0x50c
                0x08005a74                        . = ALIGN (0x4)
 *(.rodata)
 *(.rodata*)
 .rodata.PinMap_USB_OTG_FS
                0x08005a74       0x48 .pio/build/genericSTM32F411CE/FrameworkArduinoVariant/PeripheralPins.c.o
                0x08005a74                PinMap_USB_OTG_FS
 .rodata.PinMap_UART_RX
                0x08005abc       0x48 .pio/build/genericSTM32F411CE/FrameworkArduinoVariant/PeripheralPins.c.o
                0x08005abc                PinMap_UART_RX
 .rodata.PinMap_UART_TX
                0x08005b04       0x48 .pio/build/genericSTM32F411CE/FrameworkArduinoVariant/PeripheralPins.c.o
                0x08005b04                PinMap_UART_TX
 .rodata.PinMap_TIM
                0x08005b4c      0x1bc .pio/build/genericSTM32F411CE/FrameworkArduinoVariant/PeripheralPins.c.o
                0x08005b4c                PinMap_TIM
 .rodata.analogInputPin
                0x08005d08       0x28 .pio/build/genericSTM32F411CE/FrameworkArduinoVariant/variant_generic.cpp.o
                0x08005d08                analogInputPin
 .rodata.digitalPin
                0x08005d30       0x90 .pio/build/genericSTM32F411CE/FrameworkArduinoVariant/variant_generic.cpp.o
                0x08005d30                digitalPin
 .rodata.pin_map_ll
                0x08005dc0       0x40 .pio/build/genericSTM32F411CE/SrcWrapper/src/stm32/pinmap.c.o
                0x08005dc0                pin_map_ll
 .rodata.AHBPrescTable
                0x08005e00       0x10 .pio/build/genericSTM32F411CE/SrcWrapper/src/stm32/system_stm32yyxx.c.o
                0x08005e00                AHBPrescTable
 .rodata._ZL9data_pins
                0x08005e10       0x20 .pio/build/genericSTM32F411CE/src/main.cpp.o
 .rodata._ZL9addr_pins
                0x08005e30       0x3c .pio/build/genericSTM32F411CE/src/main.cpp.o
 .rodata._ZTV9USBSerial
                0x08005e6c       0x2c .pio/build/genericSTM32F411CE/libFrameworkArduino.a(USBSerial.cpp.o)
                0x08005e6c                vtable for USBSerial
 .rodata.USBD_ManufacturerStrDescriptor.str1.1
                0x08005e98       0x13 .pio/build/genericSTM32F411CE/libFrameworkArduino.a(usbd_desc.c.o)
 .rodata.USBD_Class_ProductStrDescriptor.str1.1
                0x08005eab       0x40 .pio/build/genericSTM32F411CE/libFrameworkArduino.a(usbd_desc.c.o)
 .rodata.USBD_Class_ConfigStrDescriptor.str1.1
                0x08005eeb       0x1c .pio/build/genericSTM32F411CE/libFrameworkArduino.a(usbd_desc.c.o)
 .rodata.USBD_Class_InterfaceStrDescriptor.str1.1
                0x08005f07       0x1f .pio/build/genericSTM32F411CE/libFrameworkArduino.a(usbd_desc.c.o)
 *fill*         0x08005f26        0x2 
 .rodata.ep_def
                0x08005f28       0x28 .pio/build/genericSTM32F411CE/libFrameworkArduino.a(usbd_ep_conf.c.o)
                0x08005f28                ep_def
 .rodata._ZTV14HardwareSerial
                0x08005f50       0x30 .pio/build/genericSTM32F411CE/libFrameworkArduino.a(HardwareSerial.cpp.o)
                0x08005f50                vtable for HardwareSerial
                0x08005f80                        . = ALIGN (0x4)

.ARM.extab      0x08005f80        0x0
                0x08005f80                        . = ALIGN (0x4)
 *(.ARM.extab* .gnu.linkonce.armextab.*)
                0x08005f80                        . = ALIGN (0x4)

.ARM            0x08005f80        0x8
                0x08005f80                        . = ALIGN (0x4)
                0x08005f80                        __exidx_start = .
 *(.ARM.exidx*)
 .ARM.exidx     0x08005f80        0x8 /home/bry/.platformio/packages/toolchain-gccarmnoneeabi/bin/../lib/gcc/arm-none-eabi/12.3.1/../../../../arm-none-eabi/lib/thumb/v7e-m+fp/hard/libc_nano.a(libc_a-strlen.o)
 .ARM.exidx.text.__udivmoddi4
                0x08005f88        0x0 /home/bry/.platformio/packages/toolchain-gccarmnoneeabi/bin/../lib/gcc/arm-none-eabi/12.3.1/thumb/v7e-m+fp/hard/libgcc.a(_udivmoddi4.o)
                                  0x8 (size before relaxing)
                0x08005f88                        __exidx_end = .
                0x08005f88                        . = ALIGN (0x4)

.rel.dyn        0x08005f88        0x0
 .rel.iplt      0x08005f88        0x0 /home/bry/.platformio/packages/toolchain-gccarmnoneeabi/bin/../lib/gcc/arm-none-eabi/12.3.1/thumb/v7e-m+fp/hard/crtbegin.o

.preinit_array  0x08005f88        0x0
                0x08005f88                        . = ALIGN (0x4)
                0x08005f88                        PROVIDE (__preinit_array_start = .)
 *(.preinit_array*)
                0x08005f88                        PROVIDE (__preinit_array_end = .)
                0x08005f88                        . = ALIGN (0x4)

.init_array     0x08005f88       0x14
                0x08005f88                        . = ALIGN (0x4)
                0x08005f88                        PROVIDE (__init_array_start = .)
 *(SORT_BY_NAME(.init_array.*))
 .init_array.00101
                0x08005f88        0x4 .pio/build/genericSTM32F411CE/libFrameworkArduino.a(main.cpp.o)
 *(.init_array*)
 .init_array    0x08005f8c        0x4 /home/bry/.platformio/packages/toolchain-gccarmnoneeabi/bin/../lib/gcc/arm-none-eabi/12.3.1/thumb/v7e-m+fp/hard/crtbegin.o
 .init_array    0x08005f90        0x4 .pio/build/genericSTM32F411CE/SrcWrapper/src/stm32/interrupt.cpp.o
 .init_array    0x08005f94        0x4 .pio/build/genericSTM32F411CE/libFrameworkArduino.a(USBSerial.cpp.o)
 .init_array    0x08005f98        0x4 .pio/build/genericSTM32F411CE/libFrameworkArduino.a(HardwareSerial.cpp.o)
                0x08005f9c                        PROVIDE (__init_array_end = .)
                0x08005f9c                        . = ALIGN (0x4)

.fini_array     0x08005f9c        0x8
                0x08005f9c                        . = ALIGN (0x4)
                0x08005f9c                        PROVIDE (__fini_array_start = .)
 *(SORT_BY_NAME(.fini_array.*))
 *(.fini_array*)
 .fini_array    0x08005f9c        0x4 /home/bry/.platformio/packages/toolchain-gccarmnoneeabi/bin/../lib/gcc/arm-none-eabi/12.3.1/thumb/v7e-m+fp/hard/crtbegin.o
 .fini_array    0x08005fa0        0x4 .pio/build/genericSTM32F411CE/SrcWrapper/src/stm32/interrupt.cpp.o
                0x08005fa4                        PROVIDE (__fini_array_end = .)
                0x08005fa4                        . = ALIGN (0x4)
                0x08005fa4                        _sidata = LOADADDR (.data)

.data           0x20000000      0x200 load address 0x08005fa4
                0x20000000                        . = ALIGN (0x4)
                0x20000000                        _sdata = .
 *(.data)
 *(.data*)
 .data.uwTickFreq
                0x20000000        0x1 .pio/build/genericSTM32F411CE/SrcWrapper/src/HAL/stm32yyxx_hal.c.o
                0x20000000                uwTickFreq
 *fill*         0x20000001        0x3 
 .data.uwTickPrio
                0x20000004        0x4 .pio/build/genericSTM32F411CE/SrcWrapper/src/HAL/stm32yyxx_hal.c.o
                0x20000004                uwTickPrio
 .data.GPIOPort
                0x20000008       0x18 .pio/build/genericSTM32F411CE/SrcWrapper/src/stm32/PortNames.c.o
                0x20000008                GPIOPort
 .data.hcrc     0x20000020        0x8 .pio/build/genericSTM32F411CE/SrcWrapper/src/stm32/hw_config.c.o
                0x20000020                hcrc
 .data.SystemCoreClock
                0x20000028        0x4 .pio/build/genericSTM32F411CE/SrcWrapper/src/stm32/system_stm32yyxx.c.o
                0x20000028                SystemCoreClock
 .data.heap_end.0
                0x2000002c        0x4 .pio/build/genericSTM32F411CE/SrcWrapper/src/syscalls.c.o
 .data.linecoding
                0x20000030        0x8 .pio/build/genericSTM32F411CE/libFrameworkArduino.a(usbd_cdc_if.c.o)
                0x20000030                linecoding
 .data.USBD_CDC_fops
                0x20000038       0x14 .pio/build/genericSTM32F411CE/libFrameworkArduino.a(usbd_cdc_if.c.o)
                0x20000038                USBD_CDC_fops
 .data.receivePended
                0x2000004c        0x1 .pio/build/genericSTM32F411CE/libFrameworkArduino.a(usbd_cdc_if.c.o)
                0x2000004c                receivePended
 .data.CDC_DTR_enabled
                0x2000004d        0x1 .pio/build/genericSTM32F411CE/libFrameworkArduino.a(usbd_cdc_if.c.o)
 .data.USBD_StringSerial
                0x2000004e       0x1a .pio/build/genericSTM32F411CE/libFrameworkArduino.a(usbd_desc.c.o)
                0x2000004e                USBD_StringSerial
 .data.USBD_LangIDDesc
                0x20000068        0x4 .pio/build/genericSTM32F411CE/libFrameworkArduino.a(usbd_desc.c.o)
                0x20000068                USBD_LangIDDesc
 .data.USBD_Class_DeviceDesc
                0x2000006c       0x12 .pio/build/genericSTM32F411CE/libFrameworkArduino.a(usbd_desc.c.o)
                0x2000006c                USBD_Class_DeviceDesc
 *fill*         0x2000007e        0x2 
 .data.USBD_Desc
                0x20000080       0x20 .pio/build/genericSTM32F411CE/libFrameworkArduino.a(usbd_desc.c.o)
                0x20000080                USBD_Desc
 .data.USBD_CDC_OtherSpeedCfgDesc
                0x200000a0       0x43 .pio/build/genericSTM32F411CE/libFrameworkArduino.a(usbd_cdc.c.o)
 *fill*         0x200000e3        0x1 
 .data.USBD_CDC_CfgFSDesc
                0x200000e4       0x43 .pio/build/genericSTM32F411CE/libFrameworkArduino.a(usbd_cdc.c.o)
 *fill*         0x20000127        0x1 
 .data.USBD_CDC_CfgHSDesc
                0x20000128       0x43 .pio/build/genericSTM32F411CE/libFrameworkArduino.a(usbd_cdc.c.o)
 *fill*         0x2000016b        0x1 
 .data.USBD_CDC
                0x2000016c       0x38 .pio/build/genericSTM32F411CE/libFrameworkArduino.a(usbd_cdc.c.o)
                0x2000016c                USBD_CDC
 .data.USBD_CDC_DeviceQualifierDesc
                0x200001a4        0xa .pio/build/genericSTM32F411CE/libFrameworkArduino.a(usbd_cdc.c.o)
 *fill*         0x200001ae        0x2 
 .data._impure_ptr
                0x200001b0        0x4 /home/bry/.platformio/packages/toolchain-gccarmnoneeabi/bin/../lib/gcc/arm-none-eabi/12.3.1/../../../../arm-none-eabi/lib/thumb/v7e-m+fp/hard/libc_nano.a(libc_a-impure.o)
                0x200001b0                _impure_ptr
 .data._impure_data
                0x200001b4       0x4c /home/bry/.platformio/packages/toolchain-gccarmnoneeabi/bin/../lib/gcc/arm-none-eabi/12.3.1/../../../../arm-none-eabi/lib/thumb/v7e-m+fp/hard/libc_nano.a(libc_a-impure.o)
                0x200001b4                _impure_data
 *(.RamFunc)
 *(.RamFunc*)
                0x20000200                        . = ALIGN (0x4)
                0x20000200                        _edata = .

.igot.plt       0x20000200        0x0 load address 0x080061a4
 .igot.plt      0x20000200        0x0 /home/bry/.platformio/packages/toolchain-gccarmnoneeabi/bin/../lib/gcc/arm-none-eabi/12.3.1/thumb/v7e-m+fp/hard/crtbegin.o
                0x20000200                        . = ALIGN (0x4)

.bss            0x20000200     0x1148 load address 0x080061a4
                0x20000200                        _sbss = .
                0x20000200                        __bss_start__ = _sbss
 *(.bss)
 *(.bss*)
 .bss.completed.1
                0x20000200        0x1 /home/bry/.platformio/packages/toolchain-gccarmnoneeabi/bin/../lib/gcc/arm-none-eabi/12.3.1/thumb/v7e-m+fp/hard/crtbegin.o
 *fill*         0x20000201        0x3 
 .bss.object.0  0x20000204       0x18 /home/bry/.platformio/packages/toolchain-gccarmnoneeabi/bin/../lib/gcc/arm-none-eabi/12.3.1/thumb/v7e-m+fp/hard/crtbegin.o
 .bss.uwTick    0x2000021c        0x4 .pio/build/genericSTM32F411CE/SrcWrapper/src/HAL/stm32yyxx_hal.c.o
                0x2000021c                uwTick
 .bss.HardwareTimer_Handle
                0x20000220       0x20 .pio/build/genericSTM32F411CE/SrcWrapper/src/HardwareTimer.cpp.o
                0x20000220                HardwareTimer_Handle
 .bss._ZL13gpio_irq_conf
                0x20000240      0x140 .pio/build/genericSTM32F411CE/SrcWrapper/src/stm32/interrupt.cpp.o
 .bss.uart_handlers
                0x20000380        0xc .pio/build/genericSTM32F411CE/SrcWrapper/src/stm32/uart.c.o
 .bss.SerialUSB
                0x2000038c       0x10 .pio/build/genericSTM32F411CE/libFrameworkArduino.a(USBSerial.cpp.o)
                0x2000038c                SerialUSB
 .bss.transmitStart
                0x2000039c        0x4 .pio/build/genericSTM32F411CE/libFrameworkArduino.a(usbd_cdc_if.c.o)
 .bss.rtsState  0x200003a0        0x1 .pio/build/genericSTM32F411CE/libFrameworkArduino.a(usbd_cdc_if.c.o)
                0x200003a0                rtsState
 .bss.dtrState  0x200003a1        0x1 .pio/build/genericSTM32F411CE/libFrameworkArduino.a(usbd_cdc_if.c.o)
                0x200003a1                dtrState
 .bss.ReceiveQueue
                0x200003a2       0xc6 .pio/build/genericSTM32F411CE/libFrameworkArduino.a(usbd_cdc_if.c.o)
                0x200003a2                ReceiveQueue
 .bss.TransmitQueue
                0x20000468       0x86 .pio/build/genericSTM32F411CE/libFrameworkArduino.a(usbd_cdc_if.c.o)
                0x20000468                TransmitQueue
 .bss.CDC_initialized
                0x200004ee        0x1 .pio/build/genericSTM32F411CE/libFrameworkArduino.a(usbd_cdc_if.c.o)
 *fill*         0x200004ef        0x1 
 .bss.hUSBD_Device_CDC
                0x200004f0      0x2dc .pio/build/genericSTM32F411CE/libFrameworkArduino.a(usbd_cdc_if.c.o)
                0x200004f0                hUSBD_Device_CDC
 .bss.cfgidx.0  0x200007cc        0x1 .pio/build/genericSTM32F411CE/libFrameworkArduino.a(usb_device_ctlreq.c.o)
 *fill*         0x200007cd        0x3 
 .bss.g_hpcd    0x200007d0      0x4e4 .pio/build/genericSTM32F411CE/libFrameworkArduino.a(usbd_conf.c.o)
                0x200007d0                g_hpcd
 .bss.USBD_StrDesc.0
                0x20000cb4       0xff .pio/build/genericSTM32F411CE/libFrameworkArduino.a(usbd_desc.c.o)
 *fill*         0x20000db3        0x1 
 .bss.USBD_StrDesc
                0x20000db4      0x100 .pio/build/genericSTM32F411CE/libFrameworkArduino.a(usbd_desc.c.o)
                0x20000db4                USBD_StrDesc
 .bss._hcdc     0x20000eb4      0x21c .pio/build/genericSTM32F411CE/libFrameworkArduino.a(usbd_cdc.c.o)
                0x20000eb4                _hcdc
 .bss.g_anOutputPinConfigured
                0x200010d0       0x18 .pio/build/genericSTM32F411CE/libFrameworkArduino.a(wiring_analog.c.o)
                0x200010d0                g_anOutputPinConfigured
 .bss.Serial2   0x200010e8      0x118 .pio/build/genericSTM32F411CE/libFrameworkArduino.a(HardwareSerial.cpp.o)
                0x200010e8                Serial2
 .bss.__malloc_sbrk_start
                0x20001200        0x4 /home/bry/.platformio/packages/toolchain-gccarmnoneeabi/bin/../lib/gcc/arm-none-eabi/12.3.1/../../../../arm-none-eabi/lib/thumb/v7e-m+fp/hard/libc_nano.a(libc_a-mallocr.o)
                0x20001200                __malloc_sbrk_start
 .bss.__malloc_free_list
                0x20001204        0x4 /home/bry/.platformio/packages/toolchain-gccarmnoneeabi/bin/../lib/gcc/arm-none-eabi/12.3.1/../../../../arm-none-eabi/lib/thumb/v7e-m+fp/hard/libc_nano.a(libc_a-mallocr.o)
                0x20001204                __malloc_free_list
 .bss.__sf      0x20001208      0x138 /home/bry/.platformio/packages/toolchain-gccarmnoneeabi/bin/../lib/gcc/arm-none-eabi/12.3.1/../../../../arm-none-eabi/lib/thumb/v7e-m+fp/hard/libc_nano.a(libc_a-findfp.o)
                0x20001208                __sf
 .bss.errno     0x20001340        0x4 /home/bry/.platformio/packages/toolchain-gccarmnoneeabi/bin/../lib/gcc/arm-none-eabi/12.3.1/../../../../arm-none-eabi/lib/thumb/v7e-m+fp/hard/libc_nano.a(libc_a-reent.o)
                0x20001340                errno
 .bss.__lock___malloc_recursive_mutex
                0x20001344        0x1 /home/bry/.platformio/packages/toolchain-gccarmnoneeabi/bin/../lib/gcc/arm-none-eabi/12.3.1/../../../../arm-none-eabi/lib/thumb/v7e-m+fp/hard/libc_nano.a(libc_a-lock.o)
                0x20001344                __lock___malloc_recursive_mutex
 *(COMMON)
                0x20001348                        . = ALIGN (0x4)
 *fill*         0x20001345        0x3 
                0x20001348                        _ebss = .
                0x20001348                        __bss_end__ = _ebss
LOAD /home/bry/.platformio/packages/toolchain-gccarmnoneeabi/bin/../lib/gcc/arm-none-eabi/12.3.1/thumb/v7e-m+fp/hard/crti.o
LOAD /home/bry/.platformio/packages/toolchain-gccarmnoneeabi/bin/../lib/gcc/arm-none-eabi/12.3.1/thumb/v7e-m+fp/hard/crtbegin.o
LOAD /home/bry/.platformio/packages/toolchain-gccarmnoneeabi/bin/../lib/gcc/arm-none-eabi/12.3.1/../../../../arm-none-eabi/lib/thumb/v7e-m+fp/hard/crt0.o
                0x00080000                        LD_MAX_SIZE = 0x80000
                0x00020000                        LD_MAX_DATA_SIZE = 0x20000
                0x00000000                        LD_FLASH_OFFSET = 0x0
LOAD .pio/build/genericSTM32F411CE/FrameworkArduinoVariant/PeripheralPins.c.o
LOAD .pio/build/genericSTM32F411CE/FrameworkArduinoVariant/PeripheralPins_BLACKPILL_F411CE.c.o
LOAD .pio/build/genericSTM32F411CE/FrameworkArduinoVariant/PeripheralPins_THUNDERPACK_F411.c.o
LOAD .pio/build/genericSTM32F411CE/FrameworkArduinoVariant/generic_clock.c.o
LOAD .pio/build/genericSTM32F411CE/FrameworkArduinoVariant/variant_BLACKPILL_F411CE.cpp.o
LOAD .pio/build/genericSTM32F411CE/FrameworkArduinoVariant/variant_THUNDERPACK_F411.cpp.o
LOAD .pio/build/genericSTM32F411CE/FrameworkArduinoVariant/variant_generic.cpp.o
LOAD .pio/build/genericSTM32F411CE/SrcWrapper/src/HAL/stm32yyxx_hal.c.o
LOAD .pio/build/genericSTM32F411CE/SrcWrapper/src/HAL/stm32yyxx_hal_adc.c.o
LOAD .pio/build/genericSTM32F411CE/SrcWrapper/src/HAL/stm32yyxx_hal_adc_ex.c.o
LOAD .pio/build/genericSTM32F411CE/SrcWrapper/src/HAL/stm32yyxx_hal_can.c.o
LOAD .pio/build/genericSTM32F411CE/SrcWrapper/src/HAL/stm32yyxx_hal_cec.c.o
LOAD .pio/build/genericSTM32F411CE/SrcWrapper/src/HAL/stm32yyxx_hal_comp.c.o
LOAD .pio/build/genericSTM32F411CE/SrcWrapper/src/HAL/stm32yyxx_hal_comp_ex.c.o
LOAD .pio/build/genericSTM32F411CE/SrcWrapper/src/HAL/stm32yyxx_hal_cordic.c.o
LOAD .pio/build/genericSTM32F411CE/SrcWrapper/src/HAL/stm32yyxx_hal_cortex.c.o
LOAD .pio/build/genericSTM32F411CE/SrcWrapper/src/HAL/stm32yyxx_hal_crc.c.o
LOAD .pio/build/genericSTM32F411CE/SrcWrapper/src/HAL/stm32yyxx_hal_crc_ex.c.o
LOAD .pio/build/genericSTM32F411CE/SrcWrapper/src/HAL/stm32yyxx_hal_cryp.c.o
LOAD .pio/build/genericSTM32F411CE/SrcWrapper/src/HAL/stm32yyxx_hal_cryp_ex.c.o
LOAD .pio/build/genericSTM32F411CE/SrcWrapper/src/HAL/stm32yyxx_hal_dac.c.o
LOAD .pio/build/genericSTM32F411CE/SrcWrapper/src/HAL/stm32yyxx_hal_dac_ex.c.o
LOAD .pio/build/genericSTM32F411CE/SrcWrapper/src/HAL/stm32yyxx_hal_dcache.c.o
LOAD .pio/build/genericSTM32F411CE/SrcWrapper/src/HAL/stm32yyxx_hal_dcmi.c.o
LOAD .pio/build/genericSTM32F411CE/SrcWrapper/src/HAL/stm32yyxx_hal_dcmi_ex.c.o
LOAD .pio/build/genericSTM32F411CE/SrcWrapper/src/HAL/stm32yyxx_hal_dfsdm.c.o
LOAD .pio/build/genericSTM32F411CE/SrcWrapper/src/HAL/stm32yyxx_hal_dfsdm_ex.c.o
LOAD .pio/build/genericSTM32F411CE/SrcWrapper/src/HAL/stm32yyxx_hal_dma.c.o
LOAD .pio/build/genericSTM32F411CE/SrcWrapper/src/HAL/stm32yyxx_hal_dma2d.c.o
LOAD .pio/build/genericSTM32F411CE/SrcWrapper/src/HAL/stm32yyxx_hal_dma_ex.c.o
LOAD .pio/build/genericSTM32F411CE/SrcWrapper/src/HAL/stm32yyxx_hal_dsi.c.o
LOAD .pio/build/genericSTM32F411CE/SrcWrapper/src/HAL/stm32yyxx_hal_dts.c.o
LOAD .pio/build/genericSTM32F411CE/SrcWrapper/src/HAL/stm32yyxx_hal_eth.c.o
LOAD .pio/build/genericSTM32F411CE/SrcWrapper/src/HAL/stm32yyxx_hal_eth_ex.c.o
LOAD .pio/build/genericSTM32F411CE/SrcWrapper/src/HAL/stm32yyxx_hal_exti.c.o
LOAD .pio/build/genericSTM32F411CE/SrcWrapper/src/HAL/stm32yyxx_hal_fdcan.c.o
LOAD .pio/build/genericSTM32F411CE/SrcWrapper/src/HAL/stm32yyxx_hal_firewall.c.o
LOAD .pio/build/genericSTM32F411CE/SrcWrapper/src/HAL/stm32yyxx_hal_flash.c.o
LOAD .pio/build/genericSTM32F411CE/SrcWrapper/src/HAL/stm32yyxx_hal_flash_ex.c.o
LOAD .pio/build/genericSTM32F411CE/SrcWrapper/src/HAL/stm32yyxx_hal_flash_ramfunc.c.o
LOAD .pio/build/genericSTM32F411CE/SrcWrapper/src/HAL/stm32yyxx_hal_fmac.c.o
LOAD .pio/build/genericSTM32F411CE/SrcWrapper/src/HAL/stm32yyxx_hal_fmpi2c.c.o
LOAD .pio/build/genericSTM32F411CE/SrcWrapper/src/HAL/stm32yyxx_hal_fmpi2c_ex.c.o
LOAD .pio/build/genericSTM32F411CE/SrcWrapper/src/HAL/stm32yyxx_hal_fmpsmbus.c.o
LOAD .pio/build/genericSTM32F411CE/SrcWrapper/src/HAL/stm32yyxx_hal_fmpsmbus_ex.c.o
LOAD .pio/build/genericSTM32F411CE/SrcWrapper/src/HAL/stm32yyxx_hal_gfxmmu.c.o
LOAD .pio/build/genericSTM32F411CE/SrcWrapper/src/HAL/stm32yyxx_hal_gfxtim.c.o
LOAD .pio/build/genericSTM32F411CE/SrcWrapper/src/HAL/stm32yyxx_hal_gpio.c.o
LOAD .pio/build/genericSTM32F411CE/SrcWrapper/src/HAL/stm32yyxx_hal_gpio_ex.c.o
LOAD .pio/build/genericSTM32F411CE/SrcWrapper/src/HAL/stm32yyxx_hal_gpu2d.c.o
LOAD .pio/build/genericSTM32F411CE/SrcWrapper/src/HAL/stm32yyxx_hal_gtzc.c.o
LOAD .pio/build/genericSTM32F411CE/SrcWrapper/src/HAL/stm32yyxx_hal_hash.c.o
LOAD .pio/build/genericSTM32F411CE/SrcWrapper/src/HAL/stm32yyxx_hal_hash_ex.c.o
LOAD .pio/build/genericSTM32F411CE/SrcWrapper/src/HAL/stm32yyxx_hal_hcd.c.o